-
    date: '2016-11-05T00:00:00+00:00'
    rate: '0.0002707'
-
    date: '2016-11-04T00:00:00+00:00'
    rate: '0.000267'
-
    date: '2016-11-03T00:00:00+00:00'
    rate: '0.000246'
-
    date: '2016-11-02T00:00:00+00:00'
    rate: '0.000215'
-
    date: '2016-11-01T00:00:00+00:00'
    rate: '0.00022'
-
    date: '2016-10-31T00:00:00+00:00'
    rate: '0.00025'
-
    date: '2016-10-30T00:00:00+00:00'
    rate: '0.000207'
-
    date: '2016-10-29T00:00:00+00:00'
    rate: '0.000261'
-
    date: '2016-10-28T00:00:00+00:00'
    rate: '0.000274'
-
    date: '2016-10-27T00:00:00+00:00'
    rate: '0.000278'
-
    date: '2016-10-26T00:00:00+00:00'
    rate: '0.000289'
-
    date: '2016-10-25T00:00:00+00:00'
    rate: '0.000272'
-
    date: '2016-10-24T00:00:00+00:00'
    rate: '0.000261'
-
    date: '2016-10-23T00:00:00+00:00'
    rate: '0.000282'
-
    date: '2016-10-22T00:00:00+00:00'
    rate: '0.0003'
-
    date: '2016-10-21T00:00:00+00:00'
    rate: '0.000297'
-
    date: '2016-10-20T00:00:00+00:00'
    rate: '0.000289'
-
    date: '2016-10-19T00:00:00+00:00'
    rate: '0.000268'
-
    date: '2016-10-18T00:00:00+00:00'
    rate: '0.000298'
-
    date: '2016-10-17T00:00:00+00:00'
    rate: '0.000285'
-
    date: '2016-10-16T00:00:00+00:00'
    rate: '0.000285'
-
    date: '2016-10-15T00:00:00+00:00'
    rate: '0.000286'
-
    date: '2016-10-14T00:00:00+00:00'
    rate: '0.000322'
-
    date: '2016-10-13T00:00:00+00:00'
    rate: '0.000321'
-
    date: '2016-10-12T00:00:00+00:00'
    rate: '0.00033'
-
    date: '2016-10-11T00:00:00+00:00'
    rate: '0.000361'
-
    date: '2016-10-10T00:00:00+00:00'
    rate: '0.000341'
-
    date: '2016-10-09T00:00:00+00:00'
    rate: '0.000357'
-
    date: '2016-10-08T00:00:00+00:00'
    rate: '0.000365'
-
    date: '2016-10-07T00:00:00+00:00'
    rate: '0.000361'
-
    date: '2016-10-06T00:00:00+00:00'
    rate: '0.000364'
-
    date: '2016-10-05T00:00:00+00:00'
    rate: '0.000374'
-
    date: '2016-10-04T00:00:00+00:00'
    rate: '0.000384'
-
    date: '2016-10-03T00:00:00+00:00'
    rate: '0.000368'
-
    date: '2016-10-02T00:00:00+00:00'
    rate: '0.00038'
-
    date: '2016-10-01T00:00:00+00:00'
    rate: '0.000394'
-
    date: '2016-09-30T00:00:00+00:00'
    rate: '0.000389'
-
    date: '2016-09-29T00:00:00+00:00'
    rate: '0.000384'
-
    date: '2016-09-28T00:00:00+00:00'
    rate: '0.000383'
-
    date: '2016-09-27T00:00:00+00:00'
    rate: '0.000392'
-
    date: '2016-09-26T00:00:00+00:00'
    rate: '0.000407'
-
    date: '2016-09-25T00:00:00+00:00'
    rate: '0.000407'
-
    date: '2016-09-24T00:00:00+00:00'
    rate: '0.000407'
-
    date: '2016-09-23T00:00:00+00:00'
    rate: '0.00041'
-
    date: '2016-09-22T00:00:00+00:00'
    rate: '0.000414'
-
    date: '2016-09-21T00:00:00+00:00'
    rate: '0.000425'
-
    date: '2016-09-20T00:00:00+00:00'
    rate: '0.000424'
-
    date: '2016-09-19T00:00:00+00:00'
    rate: '0.000418'
-
    date: '2016-09-18T00:00:00+00:00'
    rate: '0.000425'
-
    date: '2016-09-17T00:00:00+00:00'
    rate: '0.000434'
-
    date: '2016-09-16T00:00:00+00:00'
    rate: '0.000417'
-
    date: '2016-09-15T00:00:00+00:00'
    rate: '0.000435'
-
    date: '2016-09-14T00:00:00+00:00'
    rate: '0.00043'
-
    date: '2016-09-13T00:00:00+00:00'
    rate: '0.000458'
-
    date: '2016-09-12T00:00:00+00:00'
    rate: '0.000408'
-
    date: '2016-09-11T00:00:00+00:00'
    rate: '0.000411'
-
    date: '2016-09-10T00:00:00+00:00'
    rate: '0.000409'
-
    date: '2016-09-09T00:00:00+00:00'
    rate: '0.000407'
-
    date: '2016-09-08T00:00:00+00:00'
    rate: '0.000414'
-
    date: '2016-09-07T00:00:00+00:00'
    rate: '0.000419'
-
    date: '2016-09-06T00:00:00+00:00'
    rate: '0.000412'
-
    date: '2016-09-05T00:00:00+00:00'
    rate: '0.000405'
-
    date: '2016-09-04T00:00:00+00:00'
    rate: '0.00041'
-
    date: '2016-09-03T00:00:00+00:00'
    rate: '0.000435'
-
    date: '2016-09-02T00:00:00+00:00'
    rate: '0.000432'
-
    date: '2016-09-01T00:00:00+00:00'
    rate: '0.000439'
-
    date: '2016-08-31T00:00:00+00:00'
    rate: '0.000445'
-
    date: '2016-08-30T00:00:00+00:00'
    rate: '0.000468'
-
    date: '2016-08-29T00:00:00+00:00'
    rate: '0.000449'
-
    date: '2016-08-28T00:00:00+00:00'
    rate: '0.000456'
-
    date: '2016-08-27T00:00:00+00:00'
    rate: '0.000457'
-
    date: '2016-08-26T00:00:00+00:00'
    rate: '0.000444'
-
    date: '2016-08-25T00:00:00+00:00'
    rate: '0.000455'
-
    date: '2016-08-24T00:00:00+00:00'
    rate: '0.000464'
-
    date: '2016-08-23T00:00:00+00:00'
    rate: '0.000497'
-
    date: '2016-08-22T00:00:00+00:00'
    rate: '0.000512'
-
    date: '2016-08-21T00:00:00+00:00'
    rate: '0.000483'
-
    date: '2016-08-20T00:00:00+00:00'
    rate: '0.000516'
-
    date: '2016-08-19T00:00:00+00:00'
    rate: '0.000516'
-
    date: '2016-08-18T00:00:00+00:00'
    rate: '0.00046'
-
    date: '2016-08-17T00:00:00+00:00'
    rate: '0.000457'
-
    date: '2016-08-16T00:00:00+00:00'
    rate: '0.000467'
-
    date: '2016-08-15T00:00:00+00:00'
    rate: '0.000408'
-
    date: '2016-08-14T00:00:00+00:00'
    rate: '0.00044'
-
    date: '2016-08-13T00:00:00+00:00'
    rate: '0.000445'
-
    date: '2016-08-12T00:00:00+00:00'
    rate: '0.000429'
-
    date: '2016-08-11T00:00:00+00:00'
    rate: '0.000466'
-
    date: '2016-08-10T00:00:00+00:00'
    rate: '0.000372'
-
    date: '2016-08-09T00:00:00+00:00'
    rate: '0.000378'
-
    date: '2016-08-08T00:00:00+00:00'
    rate: '0.000367'
-
    date: '2016-08-07T00:00:00+00:00'
    rate: '0.000411'
-
    date: '2016-08-06T00:00:00+00:00'
    rate: '0.000404'
-
    date: '2016-08-05T00:00:00+00:00'
    rate: '0.0004'
-
    date: '2016-08-04T00:00:00+00:00'
    rate: '0.000378'
-
    date: '2016-08-03T00:00:00+00:00'
    rate: '0.000342'
-
    date: '2016-08-02T00:00:00+00:00'
    rate: '0.000402'
-
    date: '2016-08-01T00:00:00+00:00'
    rate: '0.00043'
-
    date: '2016-07-31T00:00:00+00:00'
    rate: '0.00043'
-
    date: '2016-07-30T00:00:00+00:00'
    rate: '0.00043'
-
    date: '2016-07-29T00:00:00+00:00'
    rate: '0.000412'
-
    date: '2016-07-28T00:00:00+00:00'
    rate: '0.00046'
-
    date: '2016-07-27T00:00:00+00:00'
    rate: '0.000456'
-
    date: '2016-07-26T00:00:00+00:00'
    rate: '0.000427'
-
    date: '2016-07-25T00:00:00+00:00'
    rate: '0.000427'
-
    date: '2016-07-24T00:00:00+00:00'
    rate: '0.000472'
-
    date: '2016-07-23T00:00:00+00:00'
    rate: '0.000472'
-
    date: '2016-07-22T00:00:00+00:00'
    rate: '0.00048'
-
    date: '2016-07-21T00:00:00+00:00'
    rate: '0.000446'
-
    date: '2016-07-20T00:00:00+00:00'
    rate: '0.000446'
-
    date: '2016-07-19T00:00:00+00:00'
    rate: '0.000446'
-
    date: '2016-07-18T00:00:00+00:00'
    rate: '0.000452'
-
    date: '2016-07-17T00:00:00+00:00'
    rate: '0.000472'
-
    date: '2016-07-16T00:00:00+00:00'
    rate: '0.0005'
-
    date: '2016-07-15T00:00:00+00:00'
    rate: '0.0005'
-
    date: '2016-07-14T00:00:00+00:00'
    rate: '0.000482'
-
    date: '2016-07-13T00:00:00+00:00'
    rate: '0.000504'
-
    date: '2016-07-12T00:00:00+00:00'
    rate: '0.000546'
-
    date: '2016-07-11T00:00:00+00:00'
    rate: '0.00045'
-
    date: '2016-07-10T00:00:00+00:00'
    rate: '0.000421'
-
    date: '2016-07-09T00:00:00+00:00'
    rate: '0.000439'
-
    date: '2016-07-08T00:00:00+00:00'
    rate: '0.000417'
-
    date: '2016-07-07T00:00:00+00:00'
    rate: '0.000448'
-
    date: '2016-07-06T00:00:00+00:00'
    rate: '0.00042'
-
    date: '2016-07-05T00:00:00+00:00'
    rate: '0.000459'
-
    date: '2016-07-04T00:00:00+00:00'
    rate: '0.000459'
-
    date: '2016-07-03T00:00:00+00:00'
    rate: '0.00045'
-
    date: '2016-07-02T00:00:00+00:00'
    rate: '0.000469'
-
    date: '2016-07-01T00:00:00+00:00'
    rate: '0.000472'
-
    date: '2016-06-30T00:00:00+00:00'
    rate: '0.000469'
-
    date: '2016-06-29T00:00:00+00:00'
    rate: '0.000469'
-
    date: '2016-06-28T00:00:00+00:00'
    rate: '0.000465'
-
    date: '2016-06-27T00:00:00+00:00'
    rate: '0.000512'
-
    date: '2016-06-26T00:00:00+00:00'
    rate: '0.000523'
-
    date: '2016-06-25T00:00:00+00:00'
    rate: '0.00057'
-
    date: '2016-06-24T00:00:00+00:00'
    rate: '0.000537'
-
    date: '2016-06-23T00:00:00+00:00'
    rate: '0.000652'
-
    date: '2016-06-22T00:00:00+00:00'
    rate: '0.00051'
-
    date: '2016-06-21T00:00:00+00:00'
    rate: '0.000255'
-
    date: '2016-06-20T00:00:00+00:00'
    rate: '0.00065'
-
    date: '2016-06-19T00:00:00+00:00'
    rate: '0.000434'
-
    date: '2016-06-18T00:00:00+00:00'
    rate: '0.00049'
-
    date: '2016-06-17T00:00:00+00:00'
    rate: '0.000582'
-
    date: '2016-06-16T00:00:00+00:00'
    rate: '0.000659'
-
    date: '2016-06-15T00:00:00+00:00'
    rate: '0.000722'
-
    date: '2016-06-14T00:00:00+00:00'
    rate: '0.00068'
-
    date: '2016-06-13T00:00:00+00:00'
    rate: '0.000682'
-
    date: '2016-06-12T00:00:00+00:00'
    rate: '0.000768'
-
    date: '2016-06-11T00:00:00+00:00'
    rate: '0.0008'
-
    date: '2016-06-10T00:00:00+00:00'
    rate: '0.000831'
-
    date: '2016-06-09T00:00:00+00:00'
    rate: '0.000846'
-
    date: '2016-06-08T00:00:00+00:00'
    rate: '0.00069'
-
    date: '2016-06-07T00:00:00+00:00'
    rate: '0.0008'
-
    date: '2016-06-06T00:00:00+00:00'
    rate: '0.000848'
-
    date: '2016-06-05T00:00:00+00:00'
    rate: '0.000837'
-
    date: '2016-06-04T00:00:00+00:00'
    rate: '0.000763'
-
    date: '2016-06-03T00:00:00+00:00'
    rate: '0.000658'
-
    date: '2016-06-02T00:00:00+00:00'
    rate: '0.000633'
-
    date: '2016-06-01T00:00:00+00:00'
    rate: '0.000608'
-
    date: '2016-05-31T00:00:00+00:00'
    rate: '0.000725'
-
    date: '2016-05-30T00:00:00+00:00'
    rate: '0.000833'
-
    date: '2016-05-29T00:00:00+00:00'
    rate: '0.00071'
-
    date: '2016-05-28T00:00:00+00:00'
    rate: '0.000844'
