-
    date: '2020-09-18T00:00:00+00:00'
    rate: '0.48924'
-
    date: '2020-09-19T00:00:00+00:00'
    rate: '0.427'
-
    date: '2020-09-20T00:00:00+00:00'
    rate: '0.38678'
-
    date: '2020-09-21T00:00:00+00:00'
    rate: '0.3929'
-
    date: '2020-09-22T00:00:00+00:00'
    rate: '0.36696'
