-
    date: '2006-04-10T00:00:00+00:00'
    rate: '9029.8'
-
    date: '2003-07-15T00:00:00+00:00'
    rate: '9036.4'
-
    date: '2000-10-19T00:00:00+00:00'
    rate: '9148.4'
-
    date: '2008-01-23T00:00:00+00:00'
    rate: '9109.7'
-
    date: '2005-04-28T00:00:00+00:00'
    rate: '9028.2'
-
    date: '2002-08-02T00:00:00+00:00'
    rate: '9023.5'
-
    date: '2009-11-06T00:00:00+00:00'
    rate: '9051.9'
-
    date: '2007-02-09T00:00:00+00:00'
    rate: '9201.6'
-
    date: '2004-05-16T00:00:00+00:00'
    rate: '9240.3'
-
    date: '2001-08-20T00:00:00+00:00'
    rate: '9163.6'
-
    date: '2008-11-23T00:00:00+00:00'
    rate: '9263.4'
-
    date: '2006-02-27T00:00:00+00:00'
    rate: '9228.6'
-
    date: '2003-06-03T00:00:00+00:00'
    rate: '9193.7'
-
    date: '2000-09-06T00:00:00+00:00'
    rate: '9193.4'
-
    date: '2007-12-10T00:00:00+00:00'
    rate: '8803.2'
-
    date: '2005-03-16T00:00:00+00:00'
    rate: '9004.6'
-
    date: '2002-06-19T00:00:00+00:00'
    rate: '8875.6'
-
    date: '2009-09-23T00:00:00+00:00'
    rate: '9230'
-
    date: '2006-12-28T00:00:00+00:00'
    rate: '9371.6'
-
    date: '2004-04-02T00:00:00+00:00'
    rate: '9235.7'
-
    date: '2001-07-07T00:00:00+00:00'
    rate: '9229.9'
-
    date: '2008-10-11T00:00:00+00:00'
    rate: '9291.4'
-
    date: '2006-01-15T00:00:00+00:00'
    rate: '9117.4'
-
    date: '2003-04-20T00:00:00+00:00'
    rate: '9010.2'
-
    date: '2000-07-25T00:00:00+00:00'
    rate: '8736.4'
-
    date: '2007-10-29T00:00:00+00:00'
    rate: '8829.9'
-
    date: '2005-02-01T00:00:00+00:00'
    rate: '8789.5'
-
    date: '2002-05-08T00:00:00+00:00'
    rate: '8770'
-
    date: '2009-08-12T00:00:00+00:00'
    rate: '8673.4'
-
    date: '2006-11-15T00:00:00+00:00'
    rate: '8610'
-
    date: '2004-02-19T00:00:00+00:00'
    rate: '8783.3'
-
    date: '2001-05-26T00:00:00+00:00'
    rate: '8702.5'
-
    date: '2008-08-29T00:00:00+00:00'
    rate: '8584'
-
    date: '2005-12-03T00:00:00+00:00'
    rate: '8853.8'
-
    date: '2003-03-09T00:00:00+00:00'
    rate: '8623.7'
-
    date: '2000-06-12T00:00:00+00:00'
    rate: '9649.6'
-
    date: '2007-09-16T00:00:00+00:00'
    rate: '9989'
-
    date: '2004-12-21T00:00:00+00:00'
    rate: '9777.9'
-
    date: '2002-03-26T00:00:00+00:00'
    rate: '9830.6'
-
    date: '2009-06-30T00:00:00+00:00'
    rate: '9661.2'
-
    date: '2006-10-04T00:00:00+00:00'
    rate: '9699'
-
    date: '2004-01-08T00:00:00+00:00'
    rate: '9597.7'
-
    date: '2001-04-13T00:00:00+00:00'
    rate: '9694.3'
-
    date: '2008-07-18T00:00:00+00:00'
    rate: '9586.8'
-
    date: '2005-10-22T00:00:00+00:00'
    rate: '9983'
-
    date: '2003-01-25T00:00:00+00:00'
    rate: '9895.3'
-
    date: '2000-05-01T00:00:00+00:00'
    rate: '9910.9'
-
    date: '2007-08-05T00:00:00+00:00'
    rate: '9796.5'
-
    date: '2004-11-08T00:00:00+00:00'
    rate: '10009'
-
    date: '2002-02-12T00:00:00+00:00'
    rate: '9940.5'
-
    date: '2009-05-18T00:00:00+00:00'
    rate: '10024'
-
    date: '2006-08-21T00:00:00+00:00'
    rate: '10355'
-
    date: '2003-11-25T00:00:00+00:00'
    rate: '10061'
-
    date: '2001-03-01T00:00:00+00:00'
    rate: '10022'
-
    date: '2008-06-04T00:00:00+00:00'
    rate: '9960.3'
-
    date: '2005-09-08T00:00:00+00:00'
    rate: '9977.9'
-
    date: '2002-12-13T00:00:00+00:00'
    rate: '9832.9'
-
    date: '2000-03-18T00:00:00+00:00'
    rate: '9721'
-
    date: '2007-06-22T00:00:00+00:00'
    rate: '10132'
-
    date: '2004-09-26T00:00:00+00:00'
    rate: '9916'
-
    date: '2001-12-31T00:00:00+00:00'
    rate: '9985.7'
-
    date: '2009-04-05T00:00:00+00:00'
    rate: '9860.9'
-
    date: '2006-07-10T00:00:00+00:00'
    rate: '9924.4'
-
    date: '2003-10-14T00:00:00+00:00'
    rate: '9906.2'
-
    date: '2001-01-17T00:00:00+00:00'
    rate: '9487.7'
-
    date: '2008-04-23T00:00:00+00:00'
    rate: '9579.3'
-
    date: '2005-07-28T00:00:00+00:00'
    rate: '9410'
-
    date: '2002-10-31T00:00:00+00:00'
    rate: '10046'
-
    date: '2000-02-04T00:00:00+00:00'
    rate: '9633.6'
-
    date: '2007-05-11T00:00:00+00:00'
    rate: '9379.1'
-
    date: '2004-08-14T00:00:00+00:00'
    rate: '9438.3'
-
    date: '2001-11-18T00:00:00+00:00'
    rate: '9329.7'
-
    date: '2009-02-22T00:00:00+00:00'
    rate: '9382.5'
-
    date: '2006-05-28T00:00:00+00:00'
    rate: '8525.4'
-
    date: '2003-09-01T00:00:00+00:00'
    rate: '8336'
-
    date: '2000-12-06T00:00:00+00:00'
    rate: '8203.9'
-
    date: '2008-03-11T00:00:00+00:00'
    rate: '8296.6'
-
    date: '2005-06-15T00:00:00+00:00'
    rate: '8240.9'
-
    date: '2002-09-19T00:00:00+00:00'
    rate: '8159.4'
-
    date: '2009-12-24T00:00:00+00:00'
    rate: '8010'
-
    date: '2007-03-29T00:00:00+00:00'
    rate: '8061.1'
-
    date: '2004-07-03T00:00:00+00:00'
    rate: '8039.5'
-
    date: '2001-10-07T00:00:00+00:00'
    rate: '8020.7'
-
    date: '2009-01-10T00:00:00+00:00'
    rate: '8026.7'
-
    date: '2006-04-16T00:00:00+00:00'
    rate: '8059.2'
-
    date: '2003-07-21T00:00:00+00:00'
    rate: '8124.6'
-
    date: '2000-10-24T00:00:00+00:00'
    rate: '8154.2'
-
    date: '2008-01-27T00:00:00+00:00'
    rate: '8238.4'
-
    date: '2005-05-03T00:00:00+00:00'
    rate: '8187.2'
-
    date: '2002-08-06T00:00:00+00:00'
    rate: '8227.7'
-
    date: '2009-11-10T00:00:00+00:00'
    rate: '8196.2'
-
    date: '2007-02-14T00:00:00+00:00'
    rate: '8334.9'
-
    date: '2004-05-20T00:00:00+00:00'
    rate: '8213.1'
-
    date: '2001-08-24T00:00:00+00:00'
    rate: '8261.9'
-
    date: '2008-11-28T00:00:00+00:00'
    rate: '8082.7'
-
    date: '2006-03-03T00:00:00+00:00'
    rate: '8117.9'
-
    date: '2003-06-07T00:00:00+00:00'
    rate: '8077.7'
-
    date: '2000-09-11T00:00:00+00:00'
    rate: '8101.5'
-
    date: '2007-12-16T00:00:00+00:00'
    rate: '8210.1'
-
    date: '2005-03-21T00:00:00+00:00'
    rate: '8146.2'
-
    date: '2002-06-25T00:00:00+00:00'
    rate: '8166.6'
-
    date: '2009-09-29T00:00:00+00:00'
    rate: '8135.9'
-
    date: '2007-01-02T00:00:00+00:00'
    rate: '8045.7'
-
    date: '2004-04-08T00:00:00+00:00'
    rate: '8172.8'
-
    date: '2001-07-13T00:00:00+00:00'
    rate: '8246.8'
-
    date: '2008-10-16T00:00:00+00:00'
    rate: '8252.8'
-
    date: '2006-01-20T00:00:00+00:00'
    rate: '8498.9'
-
    date: '2003-04-26T00:00:00+00:00'
    rate: '8588.4'
-
    date: '2000-07-30T00:00:00+00:00'
    rate: '8306.6'
-
    date: '2007-11-03T00:00:00+00:00'
    rate: '8369.1'
-
    date: '2005-02-07T00:00:00+00:00'
    rate: '8323.3'
-
    date: '2002-05-13T00:00:00+00:00'
    rate: '8377.9'
-
    date: '2009-08-17T00:00:00+00:00'
    rate: '8416'
-
    date: '2006-11-21T00:00:00+00:00'
    rate: '8453.5'
-
    date: '2004-02-25T00:00:00+00:00'
    rate: '8317.5'
-
    date: '2001-05-31T00:00:00+00:00'
    rate: '8299.7'
-
    date: '2008-09-04T00:00:00+00:00'
    rate: '8410'
-
    date: '2005-12-09T00:00:00+00:00'
    rate: '8417'
-
    date: '2003-03-14T00:00:00+00:00'
    rate: '8216.5'
-
    date: '2000-06-18T00:00:00+00:00'
    rate: '8708.8'
-
    date: '2007-09-22T00:00:00+00:00'
    rate: '8633.6'
-
    date: '2004-12-26T00:00:00+00:00'
    rate: '8648.5'
-
    date: '2002-04-01T00:00:00+00:00'
    rate: '8618.9'
-
    date: '2009-07-06T00:00:00+00:00'
    rate: '8575.6'
-
    date: '2006-10-09T00:00:00+00:00'
    rate: '8541.7'
-
    date: '2004-01-13T00:00:00+00:00'
    rate: '8645.7'
-
    date: '2001-04-19T00:00:00+00:00'
    rate: '8604.1'
-
    date: '2008-07-23T00:00:00+00:00'
    rate: '8522.5'
-
    date: '2005-10-27T00:00:00+00:00'
    rate: '9103.3'
-
    date: '2003-01-31T00:00:00+00:00'
    rate: '8528.1'
-
    date: '2000-05-06T00:00:00+00:00'
    rate: '8711.6'
-
    date: '2007-08-10T00:00:00+00:00'
    rate: '8504'
-
    date: '2004-11-14T00:00:00+00:00'
    rate: '8633.4'
-
    date: '2002-02-18T00:00:00+00:00'
    rate: '8361.7'
-
    date: '2009-05-24T00:00:00+00:00'
    rate: '8051.7'
-
    date: '2006-08-28T00:00:00+00:00'
    rate: '8176.9'
-
    date: '2003-12-02T00:00:00+00:00'
    rate: '8007.9'
-
    date: '2001-03-07T00:00:00+00:00'
    rate: '8422.6'
-
    date: '2008-06-11T00:00:00+00:00'
    rate: '8415.4'
-
    date: '2005-09-15T00:00:00+00:00'
    rate: '8261.4'
-
    date: '2002-12-19T00:00:00+00:00'
    rate: '8670.5'
-
    date: '2000-03-25T00:00:00+00:00'
    rate: '8951'
-
    date: '2007-06-29T00:00:00+00:00'
    rate: '8909.7'
-
    date: '2004-10-02T00:00:00+00:00'
    rate: '8925.7'
-
    date: '2002-01-06T00:00:00+00:00'
    rate: '8682.5'
-
    date: '2009-04-12T00:00:00+00:00'
    rate: '8600.9'
-
    date: '2006-07-16T00:00:00+00:00'
    rate: '9053'
-
    date: '2003-10-20T00:00:00+00:00'
    rate: '8606.2'
-
    date: '2001-01-24T00:00:00+00:00'
    rate: '8127.6'
-
    date: '2008-04-29T00:00:00+00:00'
    rate: '7929.5'
-
    date: '2005-08-03T00:00:00+00:00'
    rate: '8095.2'
-
    date: '2002-11-07T00:00:00+00:00'
    rate: '8820.7'
-
    date: '2000-02-11T00:00:00+00:00'
    rate: '9068.9'
-
    date: '2007-05-17T00:00:00+00:00'
    rate: '9215'
-
    date: '2004-08-21T00:00:00+00:00'
    rate: '8495.8'
-
    date: '2001-11-25T00:00:00+00:00'
    rate: '8339'
-
    date: '2009-02-28T00:00:00+00:00'
    rate: '8151.9'
-
    date: '2006-06-04T00:00:00+00:00'
    rate: '8127'
-
    date: '2003-09-08T00:00:00+00:00'
    rate: '8182.6'
-
    date: '2000-12-12T00:00:00+00:00'
    rate: '8045.7'
-
    date: '2008-03-17T00:00:00+00:00'
    rate: '7873.3'
-
    date: '2005-06-21T00:00:00+00:00'
    rate: '8075.6'
-
    date: '2002-09-24T00:00:00+00:00'
    rate: '7178.2'
-
    date: '2009-12-29T00:00:00+00:00'
    rate: '7197'
-
    date: '2007-04-04T00:00:00+00:00'
    rate: '7116.4'
-
    date: '2004-07-08T00:00:00+00:00'
    rate: '6987.4'
-
    date: '2001-10-12T00:00:00+00:00'
    rate: '6942.5'
-
    date: '2009-01-16T00:00:00+00:00'
    rate: '6938.8'
-
    date: '2006-04-21T00:00:00+00:00'
    rate: '6597.8'
-
    date: '2003-07-26T00:00:00+00:00'
    rate: '6319.1'
-
    date: '2000-10-30T00:00:00+00:00'
    rate: '6305.9'
-
    date: '2008-02-03T00:00:00+00:00'
    rate: '6567.4'
-
    date: '2005-05-09T00:00:00+00:00'
    rate: '6686.8'
-
    date: '2002-08-13T00:00:00+00:00'
    rate: '6490.3'
-
    date: '2009-11-17T00:00:00+00:00'
    rate: '6548.8'
-
    date: '2007-02-20T00:00:00+00:00'
    rate: '6083.2'
-
    date: '2004-05-27T00:00:00+00:00'
    rate: '6255.2'
-
    date: '2001-08-31T00:00:00+00:00'
    rate: '6294.9'
-
    date: '2008-12-04T00:00:00+00:00'
    rate: '6329.5'
-
    date: '2006-03-10T00:00:00+00:00'
    rate: '6304'
-
    date: '2003-06-14T00:00:00+00:00'
    rate: '6281.5'
-
    date: '2000-09-17T00:00:00+00:00'
    rate: '6681.2'
-
    date: '2007-12-22T00:00:00+00:00'
    rate: '6778.9'
-
    date: '2005-03-28T00:00:00+00:00'
    rate: '6611'
-
    date: '2002-07-01T00:00:00+00:00'
    rate: '6803.8'
-
    date: '2009-10-05T00:00:00+00:00'
    rate: '6284.7'
-
    date: '2007-01-09T00:00:00+00:00'
    rate: '6370'
-
    date: '2004-04-14T00:00:00+00:00'
    rate: '6250.5'
-
    date: '2001-07-19T00:00:00+00:00'
    rate: '6274.2'
-
    date: '2008-10-23T00:00:00+00:00'
    rate: '6069.3'
-
    date: '2006-01-27T00:00:00+00:00'
    rate: '5838.7'
-
    date: '2003-05-02T00:00:00+00:00'
    rate: '5822'
-
    date: '2000-08-06T00:00:00+00:00'
    rate: '5284.4'
-
    date: '2007-11-10T00:00:00+00:00'
    rate: '5630.7'
-
    date: '2005-02-13T00:00:00+00:00'
    rate: '5746.1'
-
    date: '2002-05-20T00:00:00+00:00'
    rate: '6128.7'
-
    date: '2009-08-23T00:00:00+00:00'
    rate: '6162.5'
-
    date: '2006-11-26T00:00:00+00:00'
    rate: '6265.9'
-
    date: '2004-03-02T00:00:00+00:00'
    rate: '6047'
-
    date: '2001-06-06T00:00:00+00:00'
    rate: '5473.5'
-
    date: '2008-09-09T00:00:00+00:00'
    rate: '5815.9'
-
    date: '2005-12-14T00:00:00+00:00'
    rate: '5823.3'
-
    date: '2003-03-20T00:00:00+00:00'
    rate: '5827.3'
-
    date: '2000-06-23T00:00:00+00:00'
    rate: '4950.8'
-
    date: '2007-09-27T00:00:00+00:00'
    rate: '4874.7'
-
    date: '2005-01-01T00:00:00+00:00'
    rate: '4514.9'
-
    date: '2002-04-06T00:00:00+00:00'
    rate: '4810.5'
-
    date: '2009-07-11T00:00:00+00:00'
    rate: '4666.2'
-
    date: '2006-10-15T00:00:00+00:00'
    rate: '5101.8'
-
    date: '2004-01-19T00:00:00+00:00'
    rate: '4367.6'
-
    date: '2001-04-24T00:00:00+00:00'
    rate: '7045.4'
-
    date: '2008-07-29T00:00:00+00:00'
    rate: '6982.2'
-
    date: '2005-11-02T00:00:00+00:00'
    rate: '6963.3'
-
    date: '2003-02-05T00:00:00+00:00'
    rate: '7068.9'
-
    date: '2000-05-12T00:00:00+00:00'
    rate: '7897.3'
-
    date: '2007-08-16T00:00:00+00:00'
    rate: '8121.2'
-
    date: '2004-11-19T00:00:00+00:00'
    rate: '8086.2'
-
    date: '2002-02-23T00:00:00+00:00'
    rate: '7869'
-
    date: '2009-05-30T00:00:00+00:00'
    rate: '7847.4'
-
    date: '2006-09-02T00:00:00+00:00'
    rate: '8006.8'
-
    date: '2003-12-07T00:00:00+00:00'
    rate: '7722.6'
-
    date: '2001-03-13T00:00:00+00:00'
    rate: '7750'
-
    date: '2008-06-16T00:00:00+00:00'
    rate: '7913.2'
-
    date: '2005-09-20T00:00:00+00:00'
    rate: '8004.4'
-
    date: '2002-12-25T00:00:00+00:00'
    rate: '8080.1'
-
    date: '2000-03-30T00:00:00+00:00'
    rate: '8555.2'
-
    date: '2007-07-04T00:00:00+00:00'
    rate: '8919.3'
-
    date: '2004-10-08T00:00:00+00:00'
    rate: '9222.1'
-
    date: '2002-01-12T00:00:00+00:00'
    rate: '8929.5'
-
    date: '2009-04-17T00:00:00+00:00'
    rate: '8953'
-
    date: '2006-07-22T00:00:00+00:00'
    rate: '8917.8'
-
    date: '2003-10-26T00:00:00+00:00'
    rate: '8914'
-
    date: '2001-01-29T00:00:00+00:00'
    rate: '9416.5'
-
    date: '2008-05-04T00:00:00+00:00'
    rate: '8960.6'
-
    date: '2005-08-08T00:00:00+00:00'
    rate: '9182'
-
    date: '2002-11-11T00:00:00+00:00'
    rate: '9159.8'
-
    date: '2000-02-15T00:00:00+00:00'
    rate: '9572.6'
-
    date: '2007-05-22T00:00:00+00:00'
    rate: '9453.8'
-
    date: '2004-08-25T00:00:00+00:00'
    rate: '9526.4'
-
    date: '2001-11-29T00:00:00+00:00'
    rate: '9412.6'
-
    date: '2009-03-05T00:00:00+00:00'
    rate: '9028.5'
-
    date: '2006-06-08T00:00:00+00:00'
    rate: '9282.2'
-
    date: '2003-09-12T00:00:00+00:00'
    rate: '9071.1'
-
    date: '2000-12-17T00:00:00+00:00'
    rate: '8973'
-
    date: '2008-03-22T00:00:00+00:00'
    rate: '8882.3'
-
    date: '2005-06-26T00:00:00+00:00'
    rate: '8729.7'
-
    date: '2002-09-30T00:00:00+00:00'
    rate: '8306.1'
-
    date: '2000-01-04T00:00:00+00:00'
    rate: '8406.2'
-
    date: '2007-04-09T00:00:00+00:00'
    rate: '8417.4'
-
    date: '2004-07-14T00:00:00+00:00'
    rate: '8450'
-
    date: '2001-10-18T00:00:00+00:00'
    rate: '8414'
-
    date: '2009-01-21T00:00:00+00:00'
    rate: '8609.6'
-
    date: '2006-04-27T00:00:00+00:00'
    rate: '8428.2'
-
    date: '2003-08-01T00:00:00+00:00'
    rate: '8511.3'
-
    date: '2000-11-04T00:00:00+00:00'
    rate: '8066.2'
-
    date: '2008-02-08T00:00:00+00:00'
    rate: '7797.3'
-
    date: '2005-05-15T00:00:00+00:00'
    rate: '7577.3'
-
    date: '2002-08-18T00:00:00+00:00'
    rate: '7650.2'
-
    date: '2009-11-22T00:00:00+00:00'
    rate: '7571.2'
-
    date: '2007-02-26T00:00:00+00:00'
    rate: '7791'
-
    date: '2004-06-01T00:00:00+00:00'
    rate: '7876.7'
-
    date: '2001-09-05T00:00:00+00:00'
    rate: '7787.8'
-
    date: '2008-12-10T00:00:00+00:00'
    rate: '7848'
-
    date: '2006-03-15T00:00:00+00:00'
    rate: '8047.9'
-
    date: '2003-06-19T00:00:00+00:00'
    rate: '8039.1'
-
    date: '2000-09-23T00:00:00+00:00'
    rate: '7835'
-
    date: '2007-12-28T00:00:00+00:00'
    rate: '7901.8'
-
    date: '2005-04-02T00:00:00+00:00'
    rate: '7939.7'
-
    date: '2002-07-07T00:00:00+00:00'
    rate: '7304.2'
-
    date: '2009-10-11T00:00:00+00:00'
    rate: '7337'
-
    date: '2007-01-14T00:00:00+00:00'
    rate: '7210.5'
-
    date: '2004-04-20T00:00:00+00:00'
    rate: '7361'
-
    date: '2001-07-25T00:00:00+00:00'
    rate: '7045.3'
-
    date: '2008-10-28T00:00:00+00:00'
    rate: '7235.2'
-
    date: '2006-02-01T00:00:00+00:00'
    rate: '7320.6'
-
    date: '2003-05-08T00:00:00+00:00'
    rate: '6935.7'
-
    date: '2000-08-11T00:00:00+00:00'
    rate: '6581.8'
-
    date: '2007-11-15T00:00:00+00:00'
    rate: '6592'
-
    date: '2005-02-19T00:00:00+00:00'
    rate: '6556'
-
    date: '2002-05-25T00:00:00+00:00'
    rate: '6219.3'
-
    date: '2009-08-29T00:00:00+00:00'
    rate: '6401.1'
-
    date: '2006-12-03T00:00:00+00:00'
    rate: '6400.1'
-
    date: '2004-03-08T00:00:00+00:00'
    rate: '6446.2'
-
    date: '2001-06-12T00:00:00+00:00'
    rate: '6604.5'
-
    date: '2008-09-16T00:00:00+00:00'
    rate: '6528'
-
    date: '2005-12-21T00:00:00+00:00'
    rate: '6485.9'
-
    date: '2003-03-26T00:00:00+00:00'
    rate: '6493'
-
    date: '2000-06-30T00:00:00+00:00'
    rate: '6483.7'
-
    date: '2007-10-04T00:00:00+00:00'
    rate: '6524'
-
    date: '2005-01-07T00:00:00+00:00'
    rate: '6607.3'
-
    date: '2002-04-13T00:00:00+00:00'
    rate: '6788'
-
    date: '2009-07-18T00:00:00+00:00'
    rate: '6457.1'
-
    date: '2006-10-21T00:00:00+00:00'
    rate: '6501.8'
-
    date: '2004-01-25T00:00:00+00:00'
    rate: '6421.1'
-
    date: '2001-05-01T00:00:00+00:00'
    rate: '6553.4'
-
    date: '2008-08-04T00:00:00+00:00'
    rate: '5923.3'
-
    date: '2005-11-08T00:00:00+00:00'
    rate: '6183.3'
-
    date: '2003-02-12T00:00:00+00:00'
    rate: '6394.8'
-
    date: '2000-05-18T00:00:00+00:00'
    rate: '6360.2'
-
    date: '2007-08-22T00:00:00+00:00'
    rate: '6520'
-
    date: '2004-11-26T00:00:00+00:00'
    rate: '6436'
-
    date: '2002-03-01T00:00:00+00:00'
    rate: '6477'
-
    date: '2009-06-05T00:00:00+00:00'
    rate: '6504.2'
-
    date: '2006-09-09T00:00:00+00:00'
    rate: '6639.2'
-
    date: '2003-12-14T00:00:00+00:00'
    rate: '6806.8'
-
    date: '2001-03-19T00:00:00+00:00'
    rate: '6776.7'
-
    date: '2008-06-22T00:00:00+00:00'
    rate: '6823.8'
-
    date: '2005-09-26T00:00:00+00:00'
    rate: '6650.2'
-
    date: '2002-12-30T00:00:00+00:00'
    rate: '6496.7'
-
    date: '2000-04-05T00:00:00+00:00'
    rate: '6604.4'
-
    date: '2007-07-10T00:00:00+00:00'
    rate: '6611.5'
-
    date: '2004-10-13T00:00:00+00:00'
    rate: '6733.3'
-
    date: '2002-01-17T00:00:00+00:00'
    rate: '6864.8'
-
    date: '2009-04-23T00:00:00+00:00'
    rate: '7033.7'
-
    date: '2006-07-27T00:00:00+00:00'
    rate: '6771.5'
-
    date: '2003-10-31T00:00:00+00:00'
    rate: '6844.6'
-
    date: '2001-02-04T00:00:00+00:00'
    rate: '6514'
-
    date: '2008-05-10T00:00:00+00:00'
    rate: '6475.1'
-
    date: '2005-08-14T00:00:00+00:00'
    rate: '6271.8'
-
    date: '2002-11-18T00:00:00+00:00'
    rate: '6658'
-
    date: '2000-02-22T00:00:00+00:00'
    rate: '6633.2'
-
    date: '2007-05-28T00:00:00+00:00'
    rate: '6891.9'
-
    date: '2004-09-01T00:00:00+00:00'
    rate: '7294.6'
-
    date: '2001-12-06T00:00:00+00:00'
    rate: '7334.4'
-
    date: '2009-03-11T00:00:00+00:00'
    rate: '7399.4'
-
    date: '2006-06-15T00:00:00+00:00'
    rate: '7696.8'
-
    date: '2003-09-19T00:00:00+00:00'
    rate: '7688.2'
-
    date: '2000-12-23T00:00:00+00:00'
    rate: '7665.8'
-
    date: '2008-03-29T00:00:00+00:00'
    rate: '7840.4'
-
    date: '2005-07-03T00:00:00+00:00'
    rate: '7971.1'
-
    date: '2002-10-06T00:00:00+00:00'
    rate: '7996.2'
-
    date: '2000-01-10T00:00:00+00:00'
    rate: '7908.3'
-
    date: '2007-04-16T00:00:00+00:00'
    rate: '8207.4'
-
    date: '2004-07-20T00:00:00+00:00'
    rate: '8000.8'
-
    date: '2001-10-24T00:00:00+00:00'
    rate: '7956.6'
-
    date: '2009-01-28T00:00:00+00:00'
    rate: '8329.9'
-
    date: '2006-05-03T00:00:00+00:00'
    rate: '8455.9'
-
    date: '2003-08-07T00:00:00+00:00'
    rate: '8412.2'
-
    date: '2000-11-11T00:00:00+00:00'
    rate: '8460.7'
-
    date: '2008-02-15T00:00:00+00:00'
    rate: '8265.5'
-
    date: '2005-05-21T00:00:00+00:00'
    rate: '8333.5'
-
    date: '2002-08-25T00:00:00+00:00'
    rate: '8280'
-
    date: '2009-11-28T00:00:00+00:00'
    rate: '8210.8'
-
    date: '2007-03-03T00:00:00+00:00'
    rate: '8259.3'
-
    date: '2004-06-07T00:00:00+00:00'
    rate: '8490.3'
-
    date: '2001-09-11T00:00:00+00:00'
    rate: '8305.1'
-
    date: '2008-12-15T00:00:00+00:00'
    rate: '8602.5'
-
    date: '2006-03-21T00:00:00+00:00'
    rate: '8331.1'
-
    date: '2003-06-25T00:00:00+00:00'
    rate: '7800'
-
    date: '2000-09-28T00:00:00+00:00'
    rate: '6705.2'
-
    date: '2008-01-02T00:00:00+00:00'
    rate: '6726.5'
-
    date: '2005-04-08T00:00:00+00:00'
    rate: '7220'
-
    date: '2002-07-12T00:00:00+00:00'
    rate: '7373.9'
-
    date: '2009-10-16T00:00:00+00:00'
    rate: '7367'
-
    date: '2007-01-20T00:00:00+00:00'
    rate: '7117.2'
-
    date: '2004-04-25T00:00:00+00:00'
    rate: '7128.8'
-
    date: '2001-07-30T00:00:00+00:00'
    rate: '7259.9'
-
    date: '2008-11-03T00:00:00+00:00'
    rate: '7230.1'
-
    date: '2006-02-07T00:00:00+00:00'
    rate: '7379.1'
-
    date: '2003-05-13T00:00:00+00:00'
    rate: '7574'
-
    date: '2000-08-17T00:00:00+00:00'
    rate: '7525.9'
-
    date: '2007-11-21T00:00:00+00:00'
    rate: '7562'
-
    date: '2005-02-24T00:00:00+00:00'
    rate: '7498'
-
    date: '2002-05-31T00:00:00+00:00'
    rate: '7809.3'
-
    date: '2009-09-04T00:00:00+00:00'
    rate: '7815.3'
-
    date: '2006-12-08T00:00:00+00:00'
    rate: '7484.3'
-
    date: '2004-03-14T00:00:00+00:00'
    rate: '7483.7'
-
    date: '2001-06-18T00:00:00+00:00'
    rate: '7161'
-
    date: '2008-09-21T00:00:00+00:00'
    rate: '7420.1'
-
    date: '2005-12-26T00:00:00+00:00'
    rate: '7454.9'
-
    date: '2003-04-01T00:00:00+00:00'
    rate: '7533.6'
-
    date: '2000-07-05T00:00:00+00:00'
    rate: '7650'
-
    date: '2007-10-09T00:00:00+00:00'
    rate: '7605.8'
-
    date: '2005-01-13T00:00:00+00:00'
    rate: '7603.8'
-
    date: '2002-04-18T00:00:00+00:00'
    rate: '7384.4'
-
    date: '2009-07-23T00:00:00+00:00'
    rate: '7501.4'
-
    date: '2006-10-27T00:00:00+00:00'
    rate: '7486.7'
-
    date: '2004-01-31T00:00:00+00:00'
    rate: '7406.3'
-
    date: '2001-05-06T00:00:00+00:00'
    rate: '7703'
-
    date: '2008-08-09T00:00:00+00:00'
    rate: '7791.2'
-
    date: '2005-11-13T00:00:00+00:00'
    rate: '8820'
-
    date: '2003-02-16T00:00:00+00:00'
    rate: '9128.1'
-
    date: '2000-05-23T00:00:00+00:00'
    rate: '9053.8'
-
    date: '2007-08-27T00:00:00+00:00'
    rate: '9228.1'
-
    date: '2004-11-30T00:00:00+00:00'
    rate: '9311.4'
-
    date: '2002-03-06T00:00:00+00:00'
    rate: '9206.8'
-
    date: '2009-06-10T00:00:00+00:00'
    rate: '9205.2'
-
    date: '2006-09-13T00:00:00+00:00'
    rate: '9310.8'
-
    date: '2003-12-18T00:00:00+00:00'
    rate: '9308.9'
-
    date: '2001-03-24T00:00:00+00:00'
    rate: '9374.2'
-
    date: '2008-06-27T00:00:00+00:00'
    rate: '9358.3'
-
    date: '2005-10-01T00:00:00+00:00'
    rate: '9409.9'
-
    date: '2003-01-05T00:00:00+00:00'
    rate: '9214.8'
-
    date: '2000-04-10T00:00:00+00:00'
    rate: '9154.9'
-
    date: '2007-07-15T00:00:00+00:00'
    rate: '9346.9'
-
    date: '2004-10-19T00:00:00+00:00'
    rate: '9450'
-
    date: '2002-01-23T00:00:00+00:00'
    rate: '9501.6'
-
    date: '2009-04-28T00:00:00+00:00'
    rate: '9361'
-
    date: '2006-08-02T00:00:00+00:00'
    rate: '9584.7'
-
    date: '2003-11-06T00:00:00+00:00'
    rate: '9593.5'
-
    date: '2001-02-09T00:00:00+00:00'
    rate: '9657.6'
-
    date: '2008-05-16T00:00:00+00:00'
    rate: '9478.9'
-
    date: '2005-08-20T00:00:00+00:00'
    rate: '8896.2'
-
    date: '2002-11-23T00:00:00+00:00'
    rate: '8771.7'
-
    date: '2000-02-27T00:00:00+00:00'
    rate: '8734.4'
-
    date: '2007-06-03T00:00:00+00:00'
    rate: '8570.7'
-
    date: '2004-09-06T00:00:00+00:00'
    rate: '8781.7'
-
    date: '2001-12-11T00:00:00+00:00'
    rate: '9159.8'
-
    date: '2009-03-17T00:00:00+00:00'
    rate: '9349.5'
-
    date: '2006-06-20T00:00:00+00:00'
    rate: '9112.7'
-
    date: '2003-09-24T00:00:00+00:00'
    rate: '9109.3'
-
    date: '2000-12-29T00:00:00+00:00'
    rate: '9341'
-
    date: '2008-04-03T00:00:00+00:00'
    rate: '9134.2'
-
    date: '2005-07-08T00:00:00+00:00'
    rate: '9121.8'
-
    date: '2002-10-12T00:00:00+00:00'
    rate: '9700.6'
-
    date: '2000-01-16T00:00:00+00:00'
    rate: '9857.9'
-
    date: '2007-04-21T00:00:00+00:00'
    rate: '9319.4'
-
    date: '2004-07-26T00:00:00+00:00'
    rate: '9219.7'
-
    date: '2001-10-30T00:00:00+00:00'
    rate: '9328'
-
    date: '2009-02-02T00:00:00+00:00'
    rate: '9270.9'
-
    date: '2006-05-09T00:00:00+00:00'
    rate: '8996.3'
-
    date: '2003-08-13T00:00:00+00:00'
    rate: '9729.3'
-
    date: '2000-11-16T00:00:00+00:00'
    rate: '10159'
-
    date: '2008-02-20T00:00:00+00:00'
    rate: '10316'
-
    date: '2005-05-27T00:00:00+00:00'
    rate: '10106'
-
    date: '2002-08-30T00:00:00+00:00'
    rate: '10593'
-
    date: '2009-12-04T00:00:00+00:00'
    rate: '10690'
-
    date: '2007-03-10T00:00:00+00:00'
    rate: '10662'
-
    date: '2004-06-13T00:00:00+00:00'
    rate: '10253'
-
    date: '2001-09-17T00:00:00+00:00'
    rate: '10505'
-
    date: '2008-12-22T00:00:00+00:00'
    rate: '9883.9'
-
    date: '2006-03-27T00:00:00+00:00'
    rate: '9709.6'
-
    date: '2003-07-01T00:00:00+00:00'
    rate: '9494.7'
-
    date: '2000-10-05T00:00:00+00:00'
    rate: '9385.1'
-
    date: '2008-01-09T00:00:00+00:00'
    rate: '9100'
-
    date: '2005-04-14T00:00:00+00:00'
    rate: '8586.4'
-
    date: '2002-07-19T00:00:00+00:00'
    rate: '8461.1'
-
    date: '2009-10-23T00:00:00+00:00'
    rate: '8567.5'
-
    date: '2007-01-26T00:00:00+00:00'
    rate: '8523'
-
    date: '2004-05-02T00:00:00+00:00'
    rate: '8848.9'
-
    date: '2001-08-06T00:00:00+00:00'
    rate: '8862.6'
-
    date: '2008-11-09T00:00:00+00:00'
    rate: '8833.6'
-
    date: '2006-02-13T00:00:00+00:00'
    rate: '8840.1'
-
    date: '2003-05-20T00:00:00+00:00'
    rate: '9233.1'
-
    date: '2000-08-23T00:00:00+00:00'
    rate: '9440.4'
-
    date: '2007-11-27T00:00:00+00:00'
    rate: '9625.2'
-
    date: '2005-03-03T00:00:00+00:00'
    rate: '9403.7'
-
    date: '2002-06-06T00:00:00+00:00'
    rate: '9466.6'
-
    date: '2009-09-10T00:00:00+00:00'
    rate: '8640.4'
-
    date: '2006-12-15T00:00:00+00:00'
    rate: '8426.1'
-
    date: '2004-03-20T00:00:00+00:00'
    rate: '9675.5'
-
    date: '2001-06-24T00:00:00+00:00'
    rate: '9079.6'
-
    date: '2008-09-27T00:00:00+00:00'
    rate: '10127'
-
    date: '2006-01-01T00:00:00+00:00'
    rate: '10478'
-
    date: '2003-04-06T00:00:00+00:00'
    rate: '10097'
-
    date: '2000-07-11T00:00:00+00:00'
    rate: '10783'
-
    date: '2007-10-15T00:00:00+00:00'
    rate: '11222'
-
    date: '2005-01-18T00:00:00+00:00'
    rate: '10981'
-
    date: '2002-04-24T00:00:00+00:00'
    rate: '10205'
-
    date: '2009-07-29T00:00:00+00:00'
    rate: '10002'
-
    date: '2006-11-01T00:00:00+00:00'
    rate: '9767.5'
-
    date: '2004-02-05T00:00:00+00:00'
    rate: '9915'
-
    date: '2001-05-12T00:00:00+00:00'
    rate: '10605'
-
    date: '2008-08-15T00:00:00+00:00'
    rate: '9576.9'
-
    date: '2005-11-19T00:00:00+00:00'
    rate: '9373.8'
-
    date: '2003-02-23T00:00:00+00:00'
    rate: '9536.1'
-
    date: '2000-05-29T00:00:00+00:00'
    rate: '10492'
-
    date: '2007-09-02T00:00:00+00:00'
    rate: '10884'
-
    date: '2004-12-07T00:00:00+00:00'
    rate: '9807.7'
-
    date: '2002-03-12T00:00:00+00:00'
    rate: '11136'
-
    date: '2009-06-16T00:00:00+00:00'
    rate: '10335'
-
    date: '2006-09-20T00:00:00+00:00'
    rate: '9665.2'
-
    date: '2003-12-25T00:00:00+00:00'
    rate: '9431.4'
-
    date: '2001-03-30T00:00:00+00:00'
    rate: '9381.1'
-
    date: '2008-07-04T00:00:00+00:00'
    rate: '8978.5'
-
    date: '2005-10-08T00:00:00+00:00'
    rate: '8452.9'
-
    date: '2003-01-11T00:00:00+00:00'
    rate: '8268.7'
-
    date: '2000-04-17T00:00:00+00:00'
    rate: '8038.8'
-
    date: '2007-07-22T00:00:00+00:00'
    rate: '8305.3'
-
    date: '2004-10-25T00:00:00+00:00'
    rate: '8030'
-
    date: '2002-01-29T00:00:00+00:00'
    rate: '7895.6'
-
    date: '2009-05-05T00:00:00+00:00'
    rate: '7752.7'
-
    date: '2006-08-08T00:00:00+00:00'
    rate: '7301.2'
-
    date: '2003-11-12T00:00:00+00:00'
    rate: '7217.9'
-
    date: '2001-02-16T00:00:00+00:00'
    rate: '6990.6'
-
    date: '2008-05-22T00:00:00+00:00'
    rate: '7079.7'
-
    date: '2005-08-26T00:00:00+00:00'
    rate: '6767.5'
-
    date: '2002-11-30T00:00:00+00:00'
    rate: '7012.4'
-
    date: '2000-03-05T00:00:00+00:00'
    rate: '7097.5'
-
    date: '2007-06-08T00:00:00+00:00'
    rate: '6921.3'
-
    date: '2004-09-12T00:00:00+00:00'
    rate: '6963.5'
-
    date: '2001-12-17T00:00:00+00:00'
    rate: '6835.8'
-
    date: '2009-03-22T00:00:00+00:00'
    rate: '7260.1'
-
    date: '2006-06-26T00:00:00+00:00'
    rate: '7827.3'
-
    date: '2003-09-30T00:00:00+00:00'
    rate: '7664.6'
-
    date: '2001-01-03T00:00:00+00:00'
    rate: '7674.4'
-
    date: '2008-04-09T00:00:00+00:00'
    rate: '7451.1'
-
    date: '2005-07-14T00:00:00+00:00'
    rate: '7780.3'
-
    date: '2002-10-17T00:00:00+00:00'
    rate: '7825.3'
-
    date: '2000-01-21T00:00:00+00:00'
    rate: '7869.3'
-
    date: '2007-04-27T00:00:00+00:00'
    rate: '7820'
-
    date: '2004-07-31T00:00:00+00:00'
    rate: '7220.1'
-
    date: '2001-11-04T00:00:00+00:00'
    rate: '7146.1'
-
    date: '2009-02-08T00:00:00+00:00'
    rate: '7046.9'
-
    date: '2006-05-14T00:00:00+00:00'
    rate: '6866.3'
-
    date: '2003-08-18T00:00:00+00:00'
    rate: '7159.5'
-
    date: '2000-11-22T00:00:00+00:00'
    rate: '7180.1'
-
    date: '2008-02-26T00:00:00+00:00'
    rate: '7362.4'
-
    date: '2005-06-01T00:00:00+00:00'
    rate: '6536.2'
-
    date: '2002-09-05T00:00:00+00:00'
    rate: '6614.8'
-
    date: '2009-12-10T00:00:00+00:00'
    rate: '7053.2'
-
    date: '2007-03-15T00:00:00+00:00'
    rate: '7317.5'
-
    date: '2004-06-19T00:00:00+00:00'
    rate: '7135.5'
-
    date: '2001-09-23T00:00:00+00:00'
    rate: '6950.2'
-
    date: '2008-12-27T00:00:00+00:00'
    rate: '6217.3'
-
    date: '2006-04-02T00:00:00+00:00'
    rate: '6319.1'
-
    date: '2003-07-07T00:00:00+00:00'
    rate: '5653.2'
-
    date: '2000-10-10T00:00:00+00:00'
    rate: '5476.2'
-
    date: '2008-01-14T00:00:00+00:00'
    rate: '5302.4'
-
    date: '2005-04-20T00:00:00+00:00'
    rate: '5152.2'
-
    date: '2002-07-24T00:00:00+00:00'
    rate: '5084.7'
-
    date: '2009-10-28T00:00:00+00:00'
    rate: '5125.9'
-
    date: '2007-02-01T00:00:00+00:00'
    rate: '5138.3'
-
    date: '2004-05-07T00:00:00+00:00'
    rate: '5053.9'
-
    date: '2001-08-11T00:00:00+00:00'
    rate: '4827.6'
-
    date: '2008-11-14T00:00:00+00:00'
    rate: '4756'
-
    date: '2006-02-18T00:00:00+00:00'
    rate: '4706.6'
-
    date: '2003-05-24T00:00:00+00:00'
    rate: '4605'
-
    date: '2000-08-28T00:00:00+00:00'
    rate: '4620.9'
-
    date: '2007-12-02T00:00:00+00:00'
    rate: '4649.4'
-
    date: '2005-03-07T00:00:00+00:00'
    rate: '4613.4'
-
    date: '2002-06-11T00:00:00+00:00'
    rate: '4611.2'
-
    date: '2009-09-15T00:00:00+00:00'
    rate: '4890.5'
-
    date: '2006-12-19T00:00:00+00:00'
    rate: '4947.2'
-
    date: '2004-03-25T00:00:00+00:00'
    rate: '4777.3'
-
    date: '2001-06-29T00:00:00+00:00'
    rate: '4725.4'
-
    date: '2008-10-02T00:00:00+00:00'
    rate: '4736.1'
-
    date: '2006-01-06T00:00:00+00:00'
    rate: '4713.4'
-
    date: '2003-04-12T00:00:00+00:00'
    rate: '4697.7'
-
    date: '2000-07-16T00:00:00+00:00'
    rate: '4617.7'
-
    date: '2007-10-20T00:00:00+00:00'
    rate: '4614.4'
-
    date: '2005-01-24T00:00:00+00:00'
    rate: '4463.4'
-
    date: '2002-04-29T00:00:00+00:00'
    rate: '4566.9'
-
    date: '2009-08-03T00:00:00+00:00'
    rate: '4481.7'
-
    date: '2006-11-07T00:00:00+00:00'
    rate: '4500'
-
    date: '2004-02-11T00:00:00+00:00'
    rate: '4497.6'
-
    date: '2001-05-17T00:00:00+00:00'
    rate: '4724.7'
-
    date: '2008-08-21T00:00:00+00:00'
    rate: '4608.9'
-
    date: '2005-11-25T00:00:00+00:00'
    rate: '4701'
-
    date: '2003-02-28T00:00:00+00:00'
    rate: '4636.1'
-
    date: '2000-06-04T00:00:00+00:00'
    rate: '4495.6'
-
    date: '2007-09-08T00:00:00+00:00'
    rate: '4489.2'
-
    date: '2004-12-12T00:00:00+00:00'
    rate: '4356.7'
-
    date: '2002-03-18T00:00:00+00:00'
    rate: '4426.5'
-
    date: '2009-06-22T00:00:00+00:00'
    rate: '4375.8'
-
    date: '2006-09-25T00:00:00+00:00'
    rate: '3697.9'
-
    date: '2003-12-30T00:00:00+00:00'
    rate: '3643.8'
-
    date: '2001-04-05T00:00:00+00:00'
    rate: '3645.2'
-
    date: '2008-07-09T00:00:00+00:00'
    rate: '3648.3'
-
    date: '2005-10-13T00:00:00+00:00'
    rate: '3570.1'
-
    date: '2003-01-17T00:00:00+00:00'
    rate: '3579.7'
-
    date: '2000-04-22T00:00:00+00:00'
    rate: '3479.8'
-
    date: '2007-07-27T00:00:00+00:00'
    rate: '3458.4'
-
    date: '2004-10-31T00:00:00+00:00'
    rate: '3519.1'
-
    date: '2002-02-04T00:00:00+00:00'
    rate: '3525.4'
-
    date: '2009-05-10T00:00:00+00:00'
    rate: '3530.4'
-
    date: '2006-08-14T00:00:00+00:00'
    rate: '3497.3'
-
    date: '2003-11-18T00:00:00+00:00'
    rate: '3530.4'
-
    date: '2001-02-21T00:00:00+00:00'
    rate: '3521'
-
    date: '2008-05-28T00:00:00+00:00'
    rate: '3504.5'
-
    date: '2005-09-01T00:00:00+00:00'
    rate: '3504.7'
-
    date: '2002-12-05T00:00:00+00:00'
    rate: '3518.1'
-
    date: '2000-03-11T00:00:00+00:00'
    rate: '3443.2'
-
    date: '2007-06-15T00:00:00+00:00'
    rate: '3407.2'
-
    date: '2004-09-18T00:00:00+00:00'
    rate: '3398.7'
-
    date: '2001-12-23T00:00:00+00:00'
    rate: '3425.4'
-
    date: '2009-03-29T00:00:00+00:00'
    rate: '3422.7'
-
    date: '2006-07-02T00:00:00+00:00'
    rate: '3474.4'
-
    date: '2003-10-06T00:00:00+00:00'
    rate: '3488.5'
-
    date: '2001-01-10T00:00:00+00:00'
    rate: '3424.5'
