-
    date: '2020-10-07T00:00:00+00:00'
    rate: '10597.62'
-
    date: '2020-10-06T00:00:00+00:00'
    rate: '10602.66'
-
    date: '2020-10-05T00:00:00+00:00'
    rate: '10795'
-
    date: '2020-10-04T00:00:00+00:00'
    rate: '10671.11'
-
    date: '2020-10-03T00:00:00+00:00'
    rate: '10551.65'
-
    date: '2020-10-02T00:00:00+00:00'
    rate: '10573.12'
-
    date: '2020-10-01T00:00:00+00:00'
    rate: '10617.63'
-
    date: '2020-09-30T00:00:00+00:00'
    rate: '10779.63'
-
    date: '2020-09-29T00:00:00+00:00'
    rate: '10840.73'
-
    date: '2020-09-28T00:00:00+00:00'
    rate: '10695.55'
-
    date: '2020-09-27T00:00:00+00:00'
    rate: '10778.2'
-
    date: '2020-09-26T00:00:00+00:00'
    rate: '10730'
-
    date: '2020-09-25T00:00:00+00:00'
    rate: '10690.53'
-
    date: '2020-09-24T00:00:00+00:00'
    rate: '10740.01'
-
    date: '2020-09-23T00:00:00+00:00'
    rate: '10235.1'
-
    date: '2020-09-22T00:00:00+00:00'
    rate: '10531.13'
-
    date: '2020-09-21T00:00:00+00:00'
    rate: '10416.82'
-
    date: '2020-09-20T00:00:00+00:00'
    rate: '10920.89'
-
    date: '2020-09-19T00:00:00+00:00'
    rate: '11080'
-
    date: '2020-09-18T00:00:00+00:00'
    rate: '10937.52'
-
    date: '2020-09-17T00:00:00+00:00'
    rate: '10943.61'
-
    date: '2020-09-16T00:00:00+00:00'
    rate: '10959.61'
-
    date: '2020-09-15T00:00:00+00:00'
    rate: '10783.75'
-
    date: '2020-09-14T00:00:00+00:00'
    rate: '10679.95'
-
    date: '2020-09-13T00:00:00+00:00'
    rate: '10336.76'
-
    date: '2020-09-12T00:00:00+00:00'
    rate: '10446.52'
-
    date: '2020-09-11T00:00:00+00:00'
    rate: '10394.41'
-
    date: '2020-09-10T00:00:00+00:00'
    rate: '10343.23'
-
    date: '2020-09-09T00:00:00+00:00'
    rate: '10224.56'
-
    date: '2020-09-08T00:00:00+00:00'
    rate: '10125.69'
-
    date: '2020-09-07T00:00:00+00:00'
    rate: '10375'
-
    date: '2020-09-06T00:00:00+00:00'
    rate: '10257.86'
-
    date: '2020-09-05T00:00:00+00:00'
    rate: '10168.36'
-
    date: '2020-09-04T00:00:00+00:00'
    rate: '10500.05'
-
    date: '2020-09-03T00:00:00+00:00'
    rate: '10172.52'
-
    date: '2020-09-02T00:00:00+00:00'
    rate: '11395.48'
-
    date: '2020-09-01T00:00:00+00:00'
    rate: '11924.22'
-
    date: '2020-08-31T00:00:00+00:00'
    rate: '11655'
-
    date: '2020-08-30T00:00:00+00:00'
    rate: '11716.01'
-
    date: '2020-08-29T00:00:00+00:00'
    rate: '11474.31'
-
    date: '2020-08-28T00:00:00+00:00'
    rate: '11535'
-
    date: '2020-08-27T00:00:00+00:00'
    rate: '11330.06'
-
    date: '2020-08-26T00:00:00+00:00'
    rate: '11463.27'
-
    date: '2020-08-25T00:00:00+00:00'
    rate: '11324.92'
-
    date: '2020-08-24T00:00:00+00:00'
    rate: '11753.85'
-
    date: '2020-08-23T00:00:00+00:00'
    rate: '11650.01'
-
    date: '2020-08-22T00:00:00+00:00'
    rate: '11672.93'
-
    date: '2020-08-21T00:00:00+00:00'
    rate: '11529.22'
-
    date: '2020-08-20T00:00:00+00:00'
    rate: '11864.26'
-
    date: '2020-08-19T00:00:00+00:00'
    rate: '11758.87'
-
    date: '2020-08-18T00:00:00+00:00'
    rate: '11950'
-
    date: '2020-08-17T00:00:00+00:00'
    rate: '12304.26'
-
    date: '2020-08-16T00:00:00+00:00'
    rate: '11918.84'
-
    date: '2020-08-15T00:00:00+00:00'
    rate: '11859.24'
-
    date: '2020-08-14T00:00:00+00:00'
    rate: '11779'
-
    date: '2020-08-13T00:00:00+00:00'
    rate: '11795.95'
-
    date: '2020-08-12T00:00:00+00:00'
    rate: '11566.45'
-
    date: '2020-08-11T00:00:00+00:00'
    rate: '11388.53'
-
    date: '2020-08-10T00:00:00+00:00'
    rate: '11899.73'
-
    date: '2020-08-09T00:00:00+00:00'
    rate: '11688.48'
-
    date: '2020-08-08T00:00:00+00:00'
    rate: '11774.98'
-
    date: '2020-08-07T00:00:00+00:00'
    rate: '11606.52'
-
    date: '2020-08-06T00:00:00+00:00'
    rate: '11773.89'
-
    date: '2020-08-05T00:00:00+00:00'
    rate: '11756.75'
-
    date: '2020-08-04T00:00:00+00:00'
    rate: '11197.04'
-
    date: '2020-08-03T00:00:00+00:00'
    rate: '11233.13'
-
    date: '2020-08-02T00:00:00+00:00'
    rate: '11068.54'
-
    date: '2020-08-01T00:00:00+00:00'
    rate: '11810.07'
-
    date: '2020-07-31T00:00:00+00:00'
    rate: '11351.62'
-
    date: '2020-07-30T00:00:00+00:00'
    rate: '11115.95'
-
    date: '2020-07-29T00:00:00+00:00'
    rate: '11110.12'
-
    date: '2020-07-28T00:00:00+00:00'
    rate: '10934.23'
-
    date: '2020-07-27T00:00:00+00:00'
    rate: '11048.91'
-
    date: '2020-07-26T00:00:00+00:00'
    rate: '9941'
-
    date: '2020-07-25T00:00:00+00:00'
    rate: '9711.33'
-
    date: '2020-07-24T00:00:00+00:00'
    rate: '9551.21'
-
    date: '2020-07-23T00:00:00+00:00'
    rate: '9613.24'
-
    date: '2020-07-22T00:00:00+00:00'
    rate: '9536.18'
-
    date: '2020-07-21T00:00:00+00:00'
    rate: '9394.14'
-
    date: '2020-07-20T00:00:00+00:00'
    rate: '9161.05'
-
    date: '2020-07-19T00:00:00+00:00'
    rate: '9212.87'
-
    date: '2020-07-18T00:00:00+00:00'
    rate: '9175.85'
-
    date: '2020-07-17T00:00:00+00:00'
    rate: '9154.29'
-
    date: '2020-07-16T00:00:00+00:00'
    rate: '9130.11'
-
    date: '2020-07-15T00:00:00+00:00'
    rate: '9190.16'
-
    date: '2020-07-14T00:00:00+00:00'
    rate: '9256.94'
-
    date: '2020-07-13T00:00:00+00:00'
    rate: '9236.92'
-
    date: '2020-07-12T00:00:00+00:00'
    rate: '9303.37'
-
    date: '2020-07-11T00:00:00+00:00'
    rate: '9235'
-
    date: '2020-07-10T00:00:00+00:00'
    rate: '9291.05'
-
    date: '2020-07-09T00:00:00+00:00'
    rate: '9236.95'
-
    date: '2020-07-08T00:00:00+00:00'
    rate: '9435.28'
-
    date: '2020-07-07T00:00:00+00:00'
    rate: '9253.94'
-
    date: '2020-07-06T00:00:00+00:00'
    rate: '9343.31'
-
    date: '2020-07-05T00:00:00+00:00'
    rate: '9074.39'
-
    date: '2020-07-04T00:00:00+00:00'
    rate: '9138.51'
-
    date: '2020-07-03T00:00:00+00:00'
    rate: '9063.87'
-
    date: '2020-07-02T00:00:00+00:00'
    rate: '9091.53'
-
    date: '2020-07-01T00:00:00+00:00'
    rate: '9239.97'
-
    date: '2020-06-30T00:00:00+00:00'
    rate: '9136.2'
-
    date: '2020-06-29T00:00:00+00:00'
    rate: '9184.45'
-
    date: '2020-06-28T00:00:00+00:00'
    rate: '9113.24'
-
    date: '2020-06-27T00:00:00+00:00'
    rate: '9002.46'
-
    date: '2020-06-26T00:00:00+00:00'
    rate: '9155.42'
-
    date: '2020-06-25T00:00:00+00:00'
    rate: '9243.51'
-
    date: '2020-06-24T00:00:00+00:00'
    rate: '9285.91'
-
    date: '2020-06-23T00:00:00+00:00'
    rate: '9623.56'
-
    date: '2020-06-22T00:00:00+00:00'
    rate: '9690.74'
-
    date: '2020-06-21T00:00:00+00:00'
    rate: '9286.14'
-
    date: '2020-06-20T00:00:00+00:00'
    rate: '9355.74'
-
    date: '2020-06-19T00:00:00+00:00'
    rate: '9301.91'
-
    date: '2020-06-18T00:00:00+00:00'
    rate: '9376.14'
-
    date: '2020-06-17T00:00:00+00:00'
    rate: '9457.51'
-
    date: '2020-06-16T00:00:00+00:00'
    rate: '9526.25'
-
    date: '2020-06-15T00:00:00+00:00'
    rate: '9432.53'
-
    date: '2020-06-14T00:00:00+00:00'
    rate: '9325'
-
    date: '2020-06-13T00:00:00+00:00'
    rate: '9475'
-
    date: '2020-06-12T00:00:00+00:00'
    rate: '9464.17'
-
    date: '2020-06-11T00:00:00+00:00'
    rate: '9268.16'
-
    date: '2020-06-10T00:00:00+00:00'
    rate: '9894.04'
-
    date: '2020-06-09T00:00:00+00:00'
    rate: '9779.41'
-
    date: '2020-06-08T00:00:00+00:00'
    rate: '9781.51'
-
    date: '2020-06-07T00:00:00+00:00'
    rate: '9750.12'
-
    date: '2020-06-06T00:00:00+00:00'
    rate: '9671.7'
-
    date: '2020-06-05T00:00:00+00:00'
    rate: '9613.21'
-
    date: '2020-06-04T00:00:00+00:00'
    rate: '9788.03'
-
    date: '2020-06-03T00:00:00+00:00'
    rate: '9668.07'
-
    date: '2020-06-02T00:00:00+00:00'
    rate: '9522.46'
-
    date: '2020-06-01T00:00:00+00:00'
    rate: '10208.96'
-
    date: '2020-05-31T00:00:00+00:00'
    rate: '9446.57'
-
    date: '2020-05-30T00:00:00+00:00'
    rate: '9700.33'
-
    date: '2020-05-29T00:00:00+00:00'
    rate: '9423.84'
-
    date: '2020-05-28T00:00:00+00:00'
    rate: '9580.19'
-
    date: '2020-05-27T00:00:00+00:00'
    rate: '9208.53'
-
    date: '2020-05-26T00:00:00+00:00'
    rate: '8844.42'
-
    date: '2020-05-25T00:00:00+00:00'
    rate: '8899.31'
-
    date: '2020-05-24T00:00:00+00:00'
    rate: '8715.73'
-
    date: '2020-05-23T00:00:00+00:00'
    rate: '9181.76'
-
    date: '2020-05-22T00:00:00+00:00'
    rate: '9168.84'
-
    date: '2020-05-21T00:00:00+00:00'
    rate: '9061.96'
-
    date: '2020-05-20T00:00:00+00:00'
    rate: '9509.41'
-
    date: '2020-05-19T00:00:00+00:00'
    rate: '9783.76'
-
    date: '2020-05-18T00:00:00+00:00'
    rate: '9728.52'
-
    date: '2020-05-17T00:00:00+00:00'
    rate: '9676.63'
-
    date: '2020-05-16T00:00:00+00:00'
    rate: '9383.16'
-
    date: '2020-05-15T00:00:00+00:00'
    rate: '9312.1'
-
    date: '2020-05-14T00:00:00+00:00'
    rate: '9795.34'
-
    date: '2020-05-13T00:00:00+00:00'
    rate: '9321.26'
-
    date: '2020-05-12T00:00:00+00:00'
    rate: '8821.42'
-
    date: '2020-05-11T00:00:00+00:00'
    rate: '8572.4'
-
    date: '2020-05-10T00:00:00+00:00'
    rate: '8729.86'
-
    date: '2020-05-09T00:00:00+00:00'
    rate: '9537.21'
-
    date: '2020-05-08T00:00:00+00:00'
    rate: '9810'
-
    date: '2020-05-07T00:00:00+00:00'
    rate: '10004.77'
-
    date: '2020-05-06T00:00:00+00:00'
    rate: '9155.79'
-
    date: '2020-05-05T00:00:00+00:00'
    rate: '9028.79'
-
    date: '2020-05-04T00:00:00+00:00'
    rate: '8883.53'
-
    date: '2020-05-03T00:00:00+00:00'
    rate: '8909.95'
-
    date: '2020-05-02T00:00:00+00:00'
    rate: '8985.58'
-
    date: '2020-05-01T00:00:00+00:00'
    rate: '8829.42'
-
    date: '2020-04-30T00:00:00+00:00'
    rate: '8624.28'
-
    date: '2020-04-29T00:00:00+00:00'
    rate: '8793.75'
-
    date: '2020-04-28T00:00:00+00:00'
    rate: '7755.01'
-
    date: '2020-04-27T00:00:00+00:00'
    rate: '7789.77'
-
    date: '2020-04-26T00:00:00+00:00'
    rate: '7706.4'
-
    date: '2020-04-25T00:00:00+00:00'
    rate: '7547.61'
-
    date: '2020-04-24T00:00:00+00:00'
    rate: '7514.64'
-
    date: '2020-04-23T00:00:00+00:00'
    rate: '7488.83'
-
    date: '2020-04-22T00:00:00+00:00'
    rate: '7136.84'
-
    date: '2020-04-21T00:00:00+00:00'
    rate: '6853.68'
-
    date: '2020-04-20T00:00:00+00:00'
    rate: '6838.19'
-
    date: '2020-04-19T00:00:00+00:00'
    rate: '7130.71'
-
    date: '2020-04-18T00:00:00+00:00'
    rate: '7261.76'
-
    date: '2020-04-17T00:00:00+00:00'
    rate: '7037.46'
-
    date: '2020-04-16T00:00:00+00:00'
    rate: '7112.64'
-
    date: '2020-04-15T00:00:00+00:00'
    rate: '6624.12'
-
    date: '2020-04-14T00:00:00+00:00'
    rate: '6877.37'
-
    date: '2020-04-13T00:00:00+00:00'
    rate: '6861.21'
-
    date: '2020-04-12T00:00:00+00:00'
    rate: '6908.13'
-
    date: '2020-04-11T00:00:00+00:00'
    rate: '6889.65'
-
    date: '2020-04-10T00:00:00+00:00'
    rate: '6871.91'
-
    date: '2020-04-09T00:00:00+00:00'
    rate: '7293.24'
-
    date: '2020-04-08T00:00:00+00:00'
    rate: '7370.11'
-
    date: '2020-04-07T00:00:00+00:00'
    rate: '7200.01'
-
    date: '2020-04-06T00:00:00+00:00'
    rate: '7341.56'
-
    date: '2020-04-05T00:00:00+00:00'
    rate: '6778.25'
-
    date: '2020-04-04T00:00:00+00:00'
    rate: '6874.77'
-
    date: '2020-04-03T00:00:00+00:00'
    rate: '6741.99'
-
    date: '2020-04-02T00:00:00+00:00'
    rate: '6804.52'
-
    date: '2020-04-01T00:00:00+00:00'
    rate: '6666.11'
-
    date: '2020-03-31T00:00:00+00:00'
    rate: '6424.35'
-
    date: '2020-03-30T00:00:00+00:00'
    rate: '6406.4'
-
    date: '2020-03-29T00:00:00+00:00'
    rate: '5877.21'
-
    date: '2020-03-28T00:00:00+00:00'
    rate: '6251.82'
-
    date: '2020-03-27T00:00:00+00:00'
    rate: '6372.36'
-
    date: '2020-03-26T00:00:00+00:00'
    rate: '6758.18'
-
    date: '2020-03-25T00:00:00+00:00'
    rate: '6690.96'
-
    date: '2020-03-24T00:00:00+00:00'
    rate: '6766.64'
-
    date: '2020-03-23T00:00:00+00:00'
    rate: '6490.63'
-
    date: '2020-03-22T00:00:00+00:00'
    rate: '5818.25'
-
    date: '2020-03-21T00:00:00+00:00'
    rate: '6198.78'
-
    date: '2020-03-20T00:00:00+00:00'
    rate: '6206.1'
-
    date: '2020-03-19T00:00:00+00:00'
    rate: '6186.26'
-
    date: '2020-03-18T00:00:00+00:00'
    rate: '5413.64'
-
    date: '2020-03-17T00:00:00+00:00'
    rate: '5331.71'
-
    date: '2020-03-16T00:00:00+00:00'
    rate: '5037.61'
-
    date: '2020-03-15T00:00:00+00:00'
    rate: '5345.35'
-
    date: '2020-03-14T00:00:00+00:00'
    rate: '5165.25'
-
    date: '2020-03-13T00:00:00+00:00'
    rate: '5637.6'
-
    date: '2020-03-12T00:00:00+00:00'
    rate: '4857.1'
-
    date: '2020-03-11T00:00:00+00:00'
    rate: '7938.05'
-
    date: '2020-03-10T00:00:00+00:00'
    rate: '7894.68'
-
    date: '2020-03-09T00:00:00+00:00'
    rate: '7934.52'
-
    date: '2020-03-08T00:00:00+00:00'
    rate: '8037.76'
-
    date: '2020-03-07T00:00:00+00:00'
    rate: '8901.37'
-
    date: '2020-03-06T00:00:00+00:00'
    rate: '9158.51'
-
    date: '2020-03-05T00:00:00+00:00'
    rate: '9070.17'
-
    date: '2020-03-04T00:00:00+00:00'
    rate: '8760.66'
-
    date: '2020-03-03T00:00:00+00:00'
    rate: '8757.84'
-
    date: '2020-03-02T00:00:00+00:00'
    rate: '8915'
-
    date: '2020-03-01T00:00:00+00:00'
    rate: '8522.31'
-
    date: '2020-02-29T00:00:00+00:00'
    rate: '8525.07'
-
    date: '2020-02-28T00:00:00+00:00'
    rate: '8708.89'
-
    date: '2020-02-27T00:00:00+00:00'
    rate: '8812.49'
-
    date: '2020-02-26T00:00:00+00:00'
    rate: '8778.3'
-
    date: '2020-02-25T00:00:00+00:00'
    rate: '9305'
-
    date: '2020-02-24T00:00:00+00:00'
    rate: '9660'
-
    date: '2020-02-23T00:00:00+00:00'
    rate: '9965.01'
-
    date: '2020-02-22T00:00:00+00:00'
    rate: '9668.23'
-
    date: '2020-02-21T00:00:00+00:00'
    rate: '9695.66'
-
    date: '2020-02-20T00:00:00+00:00'
    rate: '9610.05'
-
    date: '2020-02-19T00:00:00+00:00'
    rate: '9600.08'
-
    date: '2020-02-18T00:00:00+00:00'
    rate: '10188.04'
-
    date: '2020-02-17T00:00:00+00:00'
    rate: '9700'
-
    date: '2020-02-16T00:00:00+00:00'
    rate: '9921'
-
    date: '2020-02-15T00:00:00+00:00'
    rate: '9911.22'
-
    date: '2020-02-14T00:00:00+00:00'
    rate: '10371.33'
-
    date: '2020-02-13T00:00:00+00:00'
    rate: '10236.49'
-
    date: '2020-02-12T00:00:00+00:00'
    rate: '10351.13'
-
    date: '2020-02-11T00:00:00+00:00'
    rate: '10270.01'
-
    date: '2020-02-10T00:00:00+00:00'
    rate: '9851.78'
-
    date: '2020-02-09T00:00:00+00:00'
    rate: '10168.35'
-
    date: '2020-02-08T00:00:00+00:00'
    rate: '9905.64'
-
    date: '2020-02-07T00:00:00+00:00'
    rate: '9808.05'
-
    date: '2020-02-06T00:00:00+00:00'
    rate: '9763.01'
-
    date: '2020-02-05T00:00:00+00:00'
    rate: '9613.82'
-
    date: '2020-02-04T00:00:00+00:00'
    rate: '9164.33'
-
    date: '2020-02-03T00:00:00+00:00'
    rate: '9280.49'
-
    date: '2020-02-02T00:00:00+00:00'
    rate: '9323.5'
-
    date: '2020-02-01T00:00:00+00:00'
    rate: '9380.18'
-
    date: '2020-01-31T00:00:00+00:00'
    rate: '9334.98'
-
    date: '2020-01-30T00:00:00+00:00'
    rate: '9503.08'
-
    date: '2020-01-29T00:00:00+00:00'
    rate: '9288.44'
-
    date: '2020-01-28T00:00:00+00:00'
    rate: '9394.5'
-
    date: '2020-01-27T00:00:00+00:00'
    rate: '8895.96'
-
    date: '2020-01-26T00:00:00+00:00'
    rate: '8595'
-
    date: '2020-01-25T00:00:00+00:00'
    rate: '8326.81'
-
    date: '2020-01-24T00:00:00+00:00'
    rate: '8427.26'
-
    date: '2020-01-23T00:00:00+00:00'
    rate: '8385.22'
-
    date: '2020-01-22T00:00:00+00:00'
    rate: '8660.38'
-
    date: '2020-01-21T00:00:00+00:00'
    rate: '8722.03'
-
    date: '2020-01-20T00:00:00+00:00'
    rate: '8628.89'
-
    date: '2020-01-19T00:00:00+00:00'
    rate: '8697.53'
-
    date: '2020-01-18T00:00:00+00:00'
    rate: '8909.32'
-
    date: '2020-01-17T00:00:00+00:00'
    rate: '8899.42'
-
    date: '2020-01-16T00:00:00+00:00'
    rate: '8714.76'
-
    date: '2020-01-15T00:00:00+00:00'
    rate: '8808.81'
-
    date: '2020-01-14T00:00:00+00:00'
    rate: '8815.69'
-
    date: '2020-01-13T00:00:00+00:00'
    rate: '8104.5'
-
    date: '2020-01-12T00:00:00+00:00'
    rate: '8180.81'
-
    date: '2020-01-11T00:00:00+00:00'
    rate: '8020'
-
    date: '2020-01-10T00:00:00+00:00'
    rate: '8198.09'
-
    date: '2020-01-09T00:00:00+00:00'
    rate: '7813.78'
-
    date: '2020-01-08T00:00:00+00:00'
    rate: '8045.51'
-
    date: '2020-01-07T00:00:00+00:00'
    rate: '8158.52'
-
    date: '2020-01-06T00:00:00+00:00'
    rate: '7764.63'
-
    date: '2020-01-05T00:00:00+00:00'
    rate: '7355.4'
-
    date: '2020-01-04T00:00:00+00:00'
    rate: '7348.63'
-
    date: '2020-01-03T00:00:00+00:00'
    rate: '7334.45'
-
    date: '2020-01-02T00:00:00+00:00'
    rate: '6945.02'
-
    date: '2020-01-01T00:00:00+00:00'
    rate: '7174.33'
-
    date: '2019-12-31T00:00:00+00:00'
    rate: '7165.72'
-
    date: '2019-12-30T00:00:00+00:00'
    rate: '7218'
-
    date: '2019-12-29T00:00:00+00:00'
    rate: '7384.89'
-
    date: '2019-12-28T00:00:00+00:00'
    rate: '7302.67'
-
    date: '2019-12-27T00:00:00+00:00'
    rate: '7245.83'
-
    date: '2019-12-26T00:00:00+00:00'
    rate: '7194.13'
-
    date: '2019-12-25T00:00:00+00:00'
    rate: '7192.12'
-
    date: '2019-12-24T00:00:00+00:00'
    rate: '7255.01'
-
    date: '2019-12-23T00:00:00+00:00'
    rate: '7310.79'
-
    date: '2019-12-22T00:00:00+00:00'
    rate: '7513.06'
-
    date: '2019-12-21T00:00:00+00:00'
    rate: '7143.01'
-
    date: '2019-12-20T00:00:00+00:00'
    rate: '7190'
-
    date: '2019-12-19T00:00:00+00:00'
    rate: '7149.12'
-
    date: '2019-12-18T00:00:00+00:00'
    rate: '7285.53'
-
    date: '2019-12-17T00:00:00+00:00'
    rate: '6616.62'
-
    date: '2019-12-16T00:00:00+00:00'
    rate: '6877.03'
-
    date: '2019-12-15T00:00:00+00:00'
    rate: '7111'
-
    date: '2019-12-14T00:00:00+00:00'
    rate: '7062.91'
-
    date: '2019-12-13T00:00:00+00:00'
    rate: '7249.9'
