-
    date: '2012-05-01T00:00:00+00:00'
    rate: '1.322891'
-
    date: '2012-05-02T00:00:00+00:00'
    rate: '1.315066'
-
    date: '2012-05-03T00:00:00+00:00'
    rate: '1.314491'
