-
    date: '2006-09-23T16:00:00+00:00'
    rate: '10582.24'
-
    date: '2003-12-28T16:00:00+00:00'
    rate: '10582.74'
-
    date: '2001-04-03T16:00:00+00:00'
    rate: '10773.28'
-
    date: '2008-07-07T16:00:00+00:00'
    rate: '10672.37'
-
    date: '2005-10-11T16:00:00+00:00'
    rate: '10555.06'
-
    date: '2003-01-15T16:00:00+00:00'
    rate: '10556.56'
-
    date: '2000-04-20T16:00:00+00:00'
    rate: '10640.95'
-
    date: '2007-07-25T16:00:00+00:00'
    rate: '10802.58'
-
    date: '2004-10-29T16:00:00+00:00'
    rate: '10750.01'
-
    date: '2002-02-02T16:00:00+00:00'
    rate: '10688.15'
-
    date: '2009-05-08T16:00:00+00:00'
    rate: '10894.13'
-
    date: '2006-08-12T16:00:00+00:00'
    rate: '10787.07'
-
    date: '2003-11-16T16:00:00+00:00'
    rate: '10712.07'
-
    date: '2001-02-19T16:00:00+00:00'
    rate: '10671.04'
-
    date: '2008-05-25T16:00:00+00:00'
    rate: '10302.43'
-
    date: '2005-08-29T16:00:00+00:00'
    rate: '10484.6'
-
    date: '2002-12-02T16:00:00+00:00'
    rate: '10459.33'
-
    date: '2000-03-08T16:00:00+00:00'
    rate: '10966.22'
-
    date: '2007-06-12T16:00:00+00:00'
    rate: '10947.97'
-
    date: '2004-09-15T16:00:00+00:00'
    rate: '10978.68'
-
    date: '2001-12-20T16:00:00+00:00'
    rate: '10935.43'
-
    date: '2009-03-26T16:00:00+00:00'
    rate: '10872.99'
-
    date: '2006-06-29T16:00:00+00:00'
    rate: '10778.31'
-
    date: '2003-10-03T16:00:00+00:00'
    rate: '10761.95'
-
    date: '2001-01-07T16:00:00+00:00'
    rate: '10363.86'
-
    date: '2008-04-12T16:00:00+00:00'
    rate: '10561.09'
-
    date: '2005-07-17T16:00:00+00:00'
    rate: '10349.41'
-
    date: '2002-10-21T16:00:00+00:00'
    rate: '10229.56'
-
    date: '2000-01-25T16:00:00+00:00'
    rate: '10382.57'
-
    date: '2007-04-30T16:00:00+00:00'
    rate: '10027.59'
-
    date: '2004-08-04T16:00:00+00:00'
    rate: '10306.55'
-
    date: '2001-11-08T16:00:00+00:00'
    rate: '10209.95'
-
    date: '2009-02-11T16:00:00+00:00'
    rate: '10176.76'
-
    date: '2006-05-18T16:00:00+00:00'
    rate: '10412.23'
-
    date: '2003-08-22T16:00:00+00:00'
    rate: '10292.3'
-
    date: '2000-11-25T16:00:00+00:00'
    rate: '11372.36'
-
    date: '2008-03-01T16:00:00+00:00'
    rate: '11843.67'
-
    date: '2005-06-05T16:00:00+00:00'
    rate: '11700.34'
-
    date: '2002-09-08T16:00:00+00:00'
    rate: '11684.13'
-
    date: '2009-12-13T16:00:00+00:00'
    rate: '11615.75'
-
    date: '2007-03-19T16:00:00+00:00'
    rate: '11509.36'
-
    date: '2004-06-22T16:00:00+00:00'
    rate: '11381.24'
-
    date: '2001-09-26T16:00:00+00:00'
    rate: '11393.67'
-
    date: '2008-12-31T16:00:00+00:00'
    rate: '11367.78'
-
    date: '2006-04-05T16:00:00+00:00'
    rate: '11673.96'
-
    date: '2003-07-10T16:00:00+00:00'
    rate: '11682.41'
-
    date: '2000-10-14T16:00:00+00:00'
    rate: '11610.61'
-
    date: '2008-01-18T16:00:00+00:00'
    rate: '11476.51'
-
    date: '2005-04-23T16:00:00+00:00'
    rate: '11868.71'
-
    date: '2002-07-28T16:00:00+00:00'
    rate: '11709.74'
-
    date: '2009-10-31T16:00:00+00:00'
    rate: '11842.01'
-
    date: '2007-02-03T16:00:00+00:00'
    rate: '12319.38'
-
    date: '2004-05-10T16:00:00+00:00'
    rate: '11850.89'
-
    date: '2001-08-14T16:00:00+00:00'
    rate: '11931.31'
-
    date: '2008-11-17T16:00:00+00:00'
    rate: '11904.01'
-
    date: '2006-02-21T16:00:00+00:00'
    rate: '11749.18'
-
    date: '2003-05-28T16:00:00+00:00'
    rate: '11577.47'
-
    date: '2000-08-31T16:00:00+00:00'
    rate: '11370'
-
    date: '2007-12-05T16:00:00+00:00'
    rate: '11840.01'
-
    date: '2005-03-11T16:00:00+00:00'
    rate: '12040.15'
-
    date: '2002-06-14T16:00:00+00:00'
    rate: '11751.25'
-
    date: '2009-09-18T16:00:00+00:00'
    rate: '11564.69'
-
    date: '2006-12-23T16:00:00+00:00'
    rate: '11840.01'
-
    date: '2004-03-28T16:00:00+00:00'
    rate: '11668.82'
-
    date: '2001-07-02T16:00:00+00:00'
    rate: '11249.4'
-
    date: '2008-10-06T16:00:00+00:00'
    rate: '11266.38'
-
    date: '2006-01-10T16:00:00+00:00'
    rate: '11126.07'
-
    date: '2003-04-15T16:00:00+00:00'
    rate: '12013.1'
-
    date: '2000-07-20T16:00:00+00:00'
    rate: '11374.67'
-
    date: '2007-10-24T16:00:00+00:00'
    rate: '10992.36'
-
    date: '2005-01-27T16:00:00+00:00'
    rate: '11014.93'
-
    date: '2002-05-03T16:00:00+00:00'
    rate: '10978.28'
-
    date: '2009-08-07T16:00:00+00:00'
    rate: '10987.18'
-
    date: '2006-11-10T16:00:00+00:00'
    rate: '10264.64'
-
    date: '2004-02-14T16:00:00+00:00'
    rate: '9690.92'
-
    date: '2001-05-21T16:00:00+00:00'
    rate: '9595.08'
-
    date: '2008-08-24T16:00:00+00:00'
    rate: '9574.13'
-
    date: '2005-11-28T16:00:00+00:00'
    rate: '9511.62'
-
    date: '2003-03-04T16:00:00+00:00'
    rate: '9368.93'
-
    date: '2000-06-07T16:00:00+00:00'
    rate: '9182.44'
-
    date: '2007-09-11T16:00:00+00:00'
    rate: '9194.56'
-
    date: '2004-12-16T16:00:00+00:00'
    rate: '9160.1'
-
    date: '2002-03-21T16:00:00+00:00'
    rate: '9142.64'
-
    date: '2009-06-25T16:00:00+00:00'
    rate: '9113.55'
-
    date: '2006-09-29T16:00:00+00:00'
    rate: '9197.6'
-
    date: '2004-01-03T16:00:00+00:00'
    rate: '9235.59'
-
    date: '2001-04-08T16:00:00+00:00'
    rate: '9215.14'
-
    date: '2008-07-12T16:00:00+00:00'
    rate: '9272.81'
-
    date: '2005-10-16T16:00:00+00:00'
    rate: '9279.06'
-
    date: '2003-01-19T16:00:00+00:00'
    rate: '9267.7'
-
    date: '2000-04-25T16:00:00+00:00'
    rate: '9219.22'
-
    date: '2007-07-30T16:00:00+00:00'
    rate: '9390.93'
-
    date: '2004-11-02T16:00:00+00:00'
    rate: '9303.98'
-
    date: '2002-02-06T16:00:00+00:00'
    rate: '9301.44'
-
    date: '2009-05-13T16:00:00+00:00'
    rate: '9095.07'
-
    date: '2006-08-16T16:00:00+00:00'
    rate: '9132.43'
-
    date: '2003-11-20T16:00:00+00:00'
    rate: '9088.22'
-
    date: '2001-02-24T16:00:00+00:00'
    rate: '9091'
-
    date: '2008-05-30T16:00:00+00:00'
    rate: '9243.71'
-
    date: '2005-09-03T16:00:00+00:00'
    rate: '9138.14'
-
    date: '2002-12-08T16:00:00+00:00'
    rate: '9163.46'
-
    date: '2000-03-13T16:00:00+00:00'
    rate: '9095.03'
-
    date: '2007-06-17T16:00:00+00:00'
    rate: '8968.46'
-
    date: '2004-09-21T16:00:00+00:00'
    rate: '9152.19'
-
    date: '2001-12-26T16:00:00+00:00'
    rate: '9234.9'
-
    date: '2009-03-31T16:00:00+00:00'
    rate: '9081.56'
-
    date: '2006-07-05T16:00:00+00:00'
    rate: '9647.69'
-
    date: '2003-10-09T16:00:00+00:00'
    rate: '9657'
-
    date: '2001-01-12T16:00:00+00:00'
    rate: '9377.5'
-
    date: '2008-04-18T16:00:00+00:00'
    rate: '9369.97'
-
    date: '2005-07-23T16:00:00+00:00'
    rate: '9322.18'
-
    date: '2002-10-26T16:00:00+00:00'
    rate: '9264.76'
-
    date: '2000-01-30T16:00:00+00:00'
    rate: '9422.55'
-
    date: '2007-05-06T16:00:00+00:00'
    rate: '9449.29'
-
    date: '2004-08-09T16:00:00+00:00'
    rate: '9564.41'
-
    date: '2001-11-13T16:00:00+00:00'
    rate: '9147.94'
-
    date: '2009-02-17T16:00:00+00:00'
    rate: '9431.18'
-
    date: '2006-05-23T16:00:00+00:00'
    rate: '9411.45'
-
    date: '2003-08-27T16:00:00+00:00'
    rate: '9349.62'
-
    date: '2000-12-01T16:00:00+00:00'
    rate: '9891.06'
-
    date: '2008-03-06T16:00:00+00:00'
    rate: '9757.9'
-
    date: '2005-06-10T16:00:00+00:00'
    rate: '9682.47'
-
    date: '2002-09-14T16:00:00+00:00'
    rate: '9727.5'
-
    date: '2009-12-19T16:00:00+00:00'
    rate: '9686.14'
-
    date: '2007-03-24T16:00:00+00:00'
    rate: '9629.73'
-
    date: '2004-06-28T16:00:00+00:00'
    rate: '9801.22'
-
    date: '2001-10-02T16:00:00+00:00'
    rate: '9673.24'
-
    date: '2009-01-05T16:00:00+00:00'
    rate: '9490.86'
-
    date: '2006-04-11T16:00:00+00:00'
    rate: '10101'
-
    date: '2003-07-16T16:00:00+00:00'
    rate: '9548.6'
-
    date: '2000-10-19T16:00:00+00:00'
    rate: '9585.16'
-
    date: '2008-01-23T16:00:00+00:00'
    rate: '9387.92'
-
    date: '2005-04-29T16:00:00+00:00'
    rate: '9515.67'
-
    date: '2002-08-02T16:00:00+00:00'
    rate: '9167.35'
-
    date: '2009-11-06T16:00:00+00:00'
    rate: '8825.24'
-
    date: '2007-02-10T16:00:00+00:00'
    rate: '8898.77'
-
    date: '2004-05-16T16:00:00+00:00'
    rate: '8786.3'
-
    date: '2001-08-20T16:00:00+00:00'
    rate: '9205.97'
-
    date: '2008-11-24T16:00:00+00:00'
    rate: '9287.48'
-
    date: '2006-02-28T16:00:00+00:00'
    rate: '8980.03'
-
    date: '2003-06-03T16:00:00+00:00'
    rate: '9465.2'
-
    date: '2000-09-07T16:00:00+00:00'
    rate: '9722.01'
-
    date: '2007-12-12T16:00:00+00:00'
    rate: '9518.31'
-
    date: '2005-03-17T16:00:00+00:00'
    rate: '9859.74'
-
    date: '2002-06-21T16:00:00+00:00'
    rate: '9543.68'
-
    date: '2009-09-25T16:00:00+00:00'
    rate: '9432.45'
-
    date: '2006-12-29T16:00:00+00:00'
    rate: '9491.62'
-
    date: '2004-04-04T16:00:00+00:00'
    rate: '9359.71'
-
    date: '2001-07-09T16:00:00+00:00'
    rate: '8917.17'
-
    date: '2008-10-12T16:00:00+00:00'
    rate: '8723.37'
-
    date: '2006-01-16T16:00:00+00:00'
    rate: '8705.73'
-
    date: '2003-04-22T16:00:00+00:00'
    rate: '8641.42'
-
    date: '2000-07-26T16:00:00+00:00'
    rate: '9874.08'
-
    date: '2007-10-30T16:00:00+00:00'
    rate: '9944.62'
-
    date: '2005-02-03T16:00:00+00:00'
    rate: '9303.28'
-
    date: '2002-05-09T16:00:00+00:00'
    rate: '8981.5'
-
    date: '2009-08-13T16:00:00+00:00'
    rate: '8866.02'
-
    date: '2006-11-17T16:00:00+00:00'
    rate: '8733.73'
-
    date: '2004-02-21T16:00:00+00:00'
    rate: '9144.68'
-
    date: '2001-05-27T16:00:00+00:00'
    rate: '8838.82'
-
    date: '2008-08-30T16:00:00+00:00'
    rate: '8670'
-
    date: '2005-12-04T16:00:00+00:00'
    rate: '9303'
-
    date: '2003-03-09T16:00:00+00:00'
    rate: '7828.44'
-
    date: '2000-06-13T16:00:00+00:00'
    rate: '7719.16'
-
    date: '2007-09-17T16:00:00+00:00'
    rate: '7740.35'
-
    date: '2004-12-21T16:00:00+00:00'
    rate: '7575.1'
-
    date: '2002-03-27T16:00:00+00:00'
    rate: '7531.4'
-
    date: '2009-07-01T16:00:00+00:00'
    rate: '7531.48'
-
    date: '2006-10-04T16:00:00+00:00'
    rate: '7126.88'
-
    date: '2004-01-08T16:00:00+00:00'
    rate: '6876.85'
-
    date: '2001-04-14T16:00:00+00:00'
    rate: '6868.43'
-
    date: '2008-07-18T16:00:00+00:00'
    rate: '7180.39'
-
    date: '2005-10-22T16:00:00+00:00'
    rate: '7247.14'
-
    date: '2003-01-26T16:00:00+00:00'
    rate: '7104.85'
-
    date: '2000-05-01T16:00:00+00:00'
    rate: '7095.71'
-
    date: '2007-08-05T16:00:00+00:00'
    rate: '6661.49'
-
    date: '2004-11-09T16:00:00+00:00'
    rate: '6911.93'
-
    date: '2002-02-13T16:00:00+00:00'
    rate: '6903.82'
-
    date: '2009-05-19T16:00:00+00:00'
    rate: '6688.22'
-
    date: '2006-08-23T16:00:00+00:00'
    rate: '6819.05'
-
    date: '2003-11-27T16:00:00+00:00'
    rate: '6922.02'
-
    date: '2001-03-02T16:00:00+00:00'
    rate: '7181.24'
-
    date: '2008-06-06T16:00:00+00:00'
    rate: '7291.99'
-
    date: '2005-09-10T16:00:00+00:00'
    rate: '7355.98'
-
    date: '2002-12-14T16:00:00+00:00'
    rate: '7329.68'
-
    date: '2000-03-20T16:00:00+00:00'
    rate: '6848.94'
-
    date: '2007-06-24T16:00:00+00:00'
    rate: '6802.53'
-
    date: '2004-09-27T16:00:00+00:00'
    rate: '6702.98'
-
    date: '2002-01-01T16:00:00+00:00'
    rate: '6787.4'
-
    date: '2009-04-07T16:00:00+00:00'
    rate: '6623.92'
-
    date: '2006-07-11T16:00:00+00:00'
    rate: '6383.69'
-
    date: '2003-10-15T16:00:00+00:00'
    rate: '6450'
-
    date: '2001-01-19T16:00:00+00:00'
    rate: '6011.5'
-
    date: '2008-04-24T16:00:00+00:00'
    rate: '6219.79'
-
    date: '2005-07-29T16:00:00+00:00'
    rate: '6127.86'
-
    date: '2002-11-02T16:00:00+00:00'
    rate: '6821.95'
-
    date: '2000-02-05T16:00:00+00:00'
    rate: '6747.55'
-
    date: '2007-05-11T16:00:00+00:00'
    rate: '6577.72'
-
    date: '2004-08-15T16:00:00+00:00'
    rate: '6560.95'
-
    date: '2001-11-19T16:00:00+00:00'
    rate: '5963.72'
-
    date: '2009-02-22T16:00:00+00:00'
    rate: '6362.46'
-
    date: '2006-05-29T16:00:00+00:00'
    rate: '6262.57'
-
    date: '2003-09-02T16:00:00+00:00'
    rate: '6169'
-
    date: '2000-12-06T16:00:00+00:00'
    rate: '5305'
-
    date: '2008-03-12T16:00:00+00:00'
    rate: '5415.14'
-
    date: '2005-06-16T16:00:00+00:00'
    rate: '5347.41'
-
    date: '2002-09-19T16:00:00+00:00'
    rate: '5258.08'
-
    date: '2009-12-24T16:00:00+00:00'
    rate: '5168.42'
-
    date: '2007-03-30T16:00:00+00:00'
    rate: '5607.46'
-
    date: '2004-07-03T16:00:00+00:00'
    rate: '5301.14'
-
    date: '2001-10-07T16:00:00+00:00'
    rate: '7656.57'
-
    date: '2009-01-11T16:00:00+00:00'
    rate: '7926'
-
    date: '2006-04-16T16:00:00+00:00'
    rate: '7908.79'
-
    date: '2003-07-21T16:00:00+00:00'
    rate: '8074.97'
-
    date: '2000-10-25T16:00:00+00:00'
    rate: '8757.45'
-
    date: '2008-01-29T16:00:00+00:00'
    rate: '9120'
-
    date: '2005-05-04T16:00:00+00:00'
    rate: '9049.04'
-
    date: '2002-08-08T16:00:00+00:00'
    rate: '8882.25'
-
    date: '2009-11-12T16:00:00+00:00'
    rate: '8787.27'
-
    date: '2007-02-15T16:00:00+00:00'
    rate: '8877.81'
-
    date: '2004-05-22T16:00:00+00:00'
    rate: '8605.01'
-
    date: '2001-08-26T16:00:00+00:00'
    rate: '8619.7'
-
    date: '2008-11-29T16:00:00+00:00'
    rate: '8729.6'
-
    date: '2006-03-05T16:00:00+00:00'
    rate: '8846'
-
    date: '2003-06-09T16:00:00+00:00'
    rate: '8731.04'
-
    date: '2000-09-12T16:00:00+00:00'
    rate: '9150'
-
    date: '2007-12-17T16:00:00+00:00'
    rate: '9592.16'
-
    date: '2005-03-23T16:00:00+00:00'
    rate: '9786.57'
-
    date: '2002-06-26T16:00:00+00:00'
    rate: '9797.42'
-
    date: '2009-09-30T16:00:00+00:00'
    rate: '9685.45'
-
    date: '2007-01-04T16:00:00+00:00'
    rate: '9718.52'
-
    date: '2004-04-09T16:00:00+00:00'
    rate: '9576.75'
-
    date: '2001-07-14T16:00:00+00:00'
    rate: '10167.73'
-
    date: '2008-10-17T16:00:00+00:00'
    rate: '9729.09'
-
    date: '2006-01-21T16:00:00+00:00'
    rate: '9827.28'
-
    date: '2003-04-26T16:00:00+00:00'
    rate: '10009.32'
-
    date: '2000-07-31T16:00:00+00:00'
    rate: '10275.98'
-
    date: '2007-11-04T16:00:00+00:00'
    rate: '10250'
-
    date: '2005-02-07T16:00:00+00:00'
    rate: '10407.84'
-
    date: '2002-05-14T16:00:00+00:00'
    rate: '10299.99'
-
    date: '2009-08-18T16:00:00+00:00'
    rate: '9724.18'
-
    date: '2006-11-21T16:00:00+00:00'
    rate: '10078.82'
-
    date: '2004-02-25T16:00:00+00:00'
    rate: '10050'
-
    date: '2001-06-01T16:00:00+00:00'
    rate: '9709.11'
-
    date: '2008-09-04T16:00:00+00:00'
    rate: '9768.85'
-
    date: '2005-12-09T16:00:00+00:00'
    rate: '9634.97'
-
    date: '2003-03-15T16:00:00+00:00'
    rate: '9207.78'
-
    date: '2000-06-18T16:00:00+00:00'
    rate: '9274.75'
-
    date: '2007-09-22T16:00:00+00:00'
    rate: '9362.03'
-
    date: '2004-12-27T16:00:00+00:00'
    rate: '9253.55'
-
    date: '2002-04-01T16:00:00+00:00'
    rate: '9417.47'
-
    date: '2009-07-06T16:00:00+00:00'
    rate: '9420.01'
-
    date: '2006-10-10T16:00:00+00:00'
    rate: '9253'
-
    date: '2004-01-14T16:00:00+00:00'
    rate: '9338.25'
-
    date: '2001-04-19T16:00:00+00:00'
    rate: '9095.48'
-
    date: '2008-07-24T16:00:00+00:00'
    rate: '8647.99'
-
    date: '2005-10-28T16:00:00+00:00'
    rate: '8346.01'
-
    date: '2003-01-31T16:00:00+00:00'
    rate: '8286.66'
-
    date: '2000-05-07T16:00:00+00:00'
    rate: '8310.2'
-
    date: '2007-08-11T16:00:00+00:00'
    rate: '8559.71'
-
    date: '2004-11-14T16:00:00+00:00'
    rate: '8697.93'
-
    date: '2002-02-18T16:00:00+00:00'
    rate: '8652.38'
-
    date: '2009-05-25T16:00:00+00:00'
    rate: '8647.68'
-
    date: '2006-08-28T16:00:00+00:00'
    rate: '9141'
-
    date: '2003-12-02T16:00:00+00:00'
    rate: '8914.92'
-
    date: '2001-03-08T16:00:00+00:00'
    rate: '8774.03'
-
    date: '2008-06-11T16:00:00+00:00'
    rate: '8636.53'
-
    date: '2005-09-15T16:00:00+00:00'
    rate: '8727.32'
-
    date: '2002-12-20T16:00:00+00:00'
    rate: '8467.57'
-
    date: '2000-03-25T16:00:00+00:00'
    rate: '8100.01'
-
    date: '2007-06-29T16:00:00+00:00'
    rate: '8086.45'
-
    date: '2004-10-03T16:00:00+00:00'
    rate: '8160.66'
-
    date: '2002-01-07T16:00:00+00:00'
    rate: '7804'
-
    date: '2009-04-12T16:00:00+00:00'
    rate: '7941.96'
-
    date: '2006-07-17T16:00:00+00:00'
    rate: '8301.6'
-
    date: '2003-10-21T16:00:00+00:00'
    rate: '7899.33'
-
    date: '2001-01-24T16:00:00+00:00'
    rate: '7535.91'
-
    date: '2008-04-30T16:00:00+00:00'
    rate: '7468.87'
-
    date: '2005-08-04T16:00:00+00:00'
    rate: '7328.98'
-
    date: '2002-11-07T16:00:00+00:00'
    rate: '6930.1'
-
    date: '2000-02-11T16:00:00+00:00'
    rate: '7100.02'
-
    date: '2007-05-18T16:00:00+00:00'
    rate: '7199.04'
-
    date: '2004-08-21T16:00:00+00:00'
    rate: '7210.56'
-
    date: '2001-11-25T16:00:00+00:00'
    rate: '7340.05'
-
    date: '2009-03-01T16:00:00+00:00'
    rate: '7298.01'
-
    date: '2006-06-04T16:00:00+00:00'
    rate: '7276.81'
-
    date: '2003-09-08T16:00:00+00:00'
    rate: '7209.32'
-
    date: '2000-12-13T16:00:00+00:00'
    rate: '7173.62'
-
    date: '2008-03-18T16:00:00+00:00'
    rate: '7231.26'
-
    date: '2005-06-22T16:00:00+00:00'
    rate: '7312.65'
-
    date: '2002-09-26T16:00:00+00:00'
    rate: '7601.16'
-
    date: '2009-12-31T16:00:00+00:00'
    rate: '7140.94'
-
    date: '2007-04-05T16:00:00+00:00'
    rate: '7165.18'
-
    date: '2001-10-14T16:00:00+00:00'
    rate: '7168.49'
-
    date: '2009-01-17T16:00:00+00:00'
    rate: '6682.33'
-
    date: '2003-07-28T16:00:00+00:00'
    rate: '7065.45'
-
    date: '2000-10-31T16:00:00+00:00'
    rate: '7048.99'
-
    date: '2008-02-04T16:00:00+00:00'
    rate: '7249.48'
-
    date: '2002-08-14T16:00:00+00:00'
    rate: '7154.82'
-
    date: '2009-11-18T16:00:00+00:00'
    rate: '7206.77'
-
    date: '2007-02-22T16:00:00+00:00'
    rate: '7376.76'
-
    date: '2004-05-28T16:00:00+00:00'
    rate: '7517.82'
-
    date: '2001-09-01T16:00:00+00:00'
    rate: '7415.16'
-
    date: '2008-12-05T16:00:00+00:00'
    rate: '7546.35'
-
    date: '2003-06-14T16:00:00+00:00'
    rate: '7215.49'
-
    date: '2000-09-18T16:00:00+00:00'
    rate: '7153.72'
-
    date: '2007-12-23T16:00:00+00:00'
    rate: '7359.65'
-
    date: '2005-03-28T16:00:00+00:00'
    rate: '7365.28'
-
    date: '2002-07-02T16:00:00+00:00'
    rate: '7295.55'
-
    date: '2009-10-06T16:00:00+00:00'
    rate: '7748.26'
-
    date: '2007-01-09T16:00:00+00:00'
    rate: '7492.85'
-
    date: '2004-04-15T16:00:00+00:00'
    rate: '7507.18'
-
    date: '2001-07-20T16:00:00+00:00'
    rate: '7073.3'
-
    date: '2008-10-23T16:00:00+00:00'
    rate: '7241.86'
-
    date: '2006-01-27T16:00:00+00:00'
    rate: '6682.52'
-
    date: '2003-05-03T16:00:00+00:00'
    rate: '7227.12'
-
    date: '2000-08-06T16:00:00+00:00'
    rate: '7292.6'
-
    date: '2005-02-14T16:00:00+00:00'
    rate: '8106.03'
-
    date: '2009-08-24T16:00:00+00:00'
    rate: '8136.38'
-
    date: '2006-11-28T16:00:00+00:00'
    rate: '8477.41'
-
    date: '2004-03-03T16:00:00+00:00'
    rate: '8474.64'
-
    date: '2001-06-07T16:00:00+00:00'
    rate: '8452.68'
-
    date: '2008-09-11T16:00:00+00:00'
    rate: '8538.52'
-
    date: '2005-12-16T16:00:00+00:00'
    rate: '8756.62'
-
    date: '2000-06-25T16:00:00+00:00'
    rate: '8730'
-
    date: '2007-09-29T16:00:00+00:00'
    rate: '9012.01'
-
    date: '2005-01-02T16:00:00+00:00'
    rate: '8767.29'
-
    date: '2002-04-08T16:00:00+00:00'
    rate: '8822.15'
-
    date: '2009-07-13T16:00:00+00:00'
    rate: '9229.83'
-
    date: '2006-10-16T16:00:00+00:00'
    rate: '9295.62'
-
    date: '2004-01-20T16:00:00+00:00'
    rate: '9317.56'
-
    date: '2008-07-30T16:00:00+00:00'
    rate: '9153.97'
-
    date: '2005-11-03T16:00:00+00:00'
    rate: '9346.57'
-
    date: '2003-02-07T16:00:00+00:00'
    rate: '9260.94'
-
    date: '2000-05-13T16:00:00+00:00'
    rate: '9086.98'
-
    date: '2007-08-16T16:00:00+00:00'
    rate: '9109.13'
-
    date: '2004-11-20T16:00:00+00:00'
    rate: '9287.96'
-
    date: '2002-02-24T16:00:00+00:00'
    rate: '9302.2'
-
    date: '2009-05-30T16:00:00+00:00'
    rate: '9637.32'
-
    date: '2006-09-03T16:00:00+00:00'
    rate: '9175'
-
    date: '2003-12-08T16:00:00+00:00'
    rate: '9600'
-
    date: '2008-06-17T16:00:00+00:00'
    rate: '7420.27'
-
    date: '2005-09-21T16:00:00+00:00'
    rate: '7957.67'
-
    date: '2002-12-25T16:00:00+00:00'
    rate: '8219.16'
-
    date: '2000-03-31T16:00:00+00:00'
    rate: '8233.71'
-
    date: '2007-07-05T16:00:00+00:00'
    rate: '7914.32'
-
    date: '2004-10-08T16:00:00+00:00'
    rate: '7952.75'
-
    date: '2002-01-12T16:00:00+00:00'
    rate: '8071.61'
-
    date: '2009-04-18T16:00:00+00:00'
    rate: '7970.35'
-
    date: '2006-07-22T16:00:00+00:00'
    rate: '8157.99'
-
    date: '2001-01-30T16:00:00+00:00'
    rate: '8293'
-
    date: '2008-05-05T16:00:00+00:00'
    rate: '8341.87'
-
    date: '2005-08-09T16:00:00+00:00'
    rate: '8318.12'
-
    date: '2002-11-13T16:00:00+00:00'
    rate: '8578.48'
-
    date: '2000-02-17T16:00:00+00:00'
    rate: '8569.02'
-
    date: '2007-05-23T16:00:00+00:00'
    rate: '8130.38'
-
    date: '2004-08-27T16:00:00+00:00'
    rate: '8279.66'
-
    date: '2001-12-01T16:00:00+00:00'
    rate: '7874.02'
-
    date: '2009-03-06T16:00:00+00:00'
    rate: '8064.95'
-
    date: '2006-06-10T16:00:00+00:00'
    rate: '8147.95'
-
    date: '2000-12-18T16:00:00+00:00'
    rate: '8346.13'
-
    date: '2008-03-24T16:00:00+00:00'
    rate: '8284.42'
-
    date: '2005-06-28T16:00:00+00:00'
    rate: '8425.8'
-
    date: '2002-10-01T16:00:00+00:00'
    rate: '7978.82'
-
    date: '2000-01-05T16:00:00+00:00'
    rate: '8142.51'
-
    date: '2007-04-11T16:00:00+00:00'
    rate: '8184.56'
