-
    date: '2020-03-04T00:00:00+00:00'
    rate: '0.00000'
-
    date: '2020-03-09T00:00:00+00:00'
    rate: '0.00000'
-
    date: '2020-03-10T00:00:00+00:00'
    rate: '0.00000'
-
    date: '2020-03-11T00:00:00+00:00'
    rate: '0.00000'
-
    date: '2020-03-12T00:00:00+00:00'
    rate: '1.40444'
-
    date: '2020-03-13T00:00:00+00:00'
    rate: '1.39200'
-
    date: '2020-03-14T00:00:00+00:00'
    rate: '1.39297'
-
    date: '2020-03-15T00:00:00+00:00'
    rate: '1.38874'
-
    date: '2020-03-16T00:00:00+00:00'
    rate: '1.39152'
-
    date: '2020-03-17T00:00:00+00:00'
    rate: '1.43036'
-
    date: '2020-03-18T00:00:00+00:00'
    rate: '1.45345'
-
    date: '2020-03-19T00:00:00+00:00'
    rate: '1.45181'
-
    date: '2020-03-20T00:00:00+00:00'
    rate: '1.43219'
-
    date: '2020-03-21T00:00:00+00:00'
    rate: '1.43320'
-
    date: '2020-03-22T00:00:00+00:00'
    rate: '1.44500'
-
    date: '2020-03-23T00:00:00+00:00'
    rate: '1.45428'
-
    date: '2020-03-24T00:00:00+00:00'
    rate: '1.44870'
-
    date: '2020-03-25T00:00:00+00:00'
    rate: '1.42802'
-
    date: '2020-03-26T00:00:00+00:00'
    rate: '1.40225'
-
    date: '2020-03-27T00:00:00+00:00'
    rate: '1.40857'
-
    date: '2020-03-28T00:00:00+00:00'
    rate: '1.41300'
-
    date: '2020-03-29T00:00:00+00:00'
    rate: '1.41923'
-
    date: '2020-03-30T00:00:00+00:00'
    rate: '1.42600'
-
    date: '2020-03-31T00:00:00+00:00'
    rate: '1.41317'
-
    date: '2020-04-01T00:00:00+00:00'
    rate: '1.42042'
-
    date: '2020-04-02T00:00:00+00:00'
    rate: '1.42035'
-
    date: '2020-04-03T00:00:00+00:00'
    rate: '1.42837'
-
    date: '2020-04-04T00:00:00+00:00'
    rate: '1.42008'
-
    date: '2020-04-05T00:00:00+00:00'
    rate: '1.43459'
-
    date: '2020-04-06T00:00:00+00:00'
    rate: '1.41100'
-
    date: '2020-04-07T00:00:00+00:00'
    rate: '1.39981'
-
    date: '2020-04-08T00:00:00+00:00'
    rate: '1.40780'
-
    date: '2020-04-09T00:00:00+00:00'
    rate: '1.40689'
-
    date: '2020-04-10T00:00:00+00:00'
    rate: '1.41426'
-
    date: '2020-04-11T00:00:00+00:00'
    rate: '1.40832'
-
    date: '2020-04-12T00:00:00+00:00'
    rate: '1.40540'
-
    date: '2020-04-13T00:00:00+00:00'
    rate: '1.39535'
-
    date: '2020-04-14T00:00:00+00:00'
    rate: '1.40227'
-
    date: '2020-04-15T00:00:00+00:00'
    rate: '1.42867'
-
    date: '2020-04-16T00:00:00+00:00'
    rate: '1.41305'
-
    date: '2020-04-17T00:00:00+00:00'
    rate: '1.40545'
-
    date: '2020-04-18T00:00:00+00:00'
    rate: '1.41238'
-
    date: '2020-04-19T00:00:00+00:00'
    rate: '1.41755'
-
    date: '2020-04-20T00:00:00+00:00'
    rate: '1.43037'
-
    date: '2020-04-21T00:00:00+00:00'
    rate: '1.42686'
-
    date: '2020-04-22T00:00:00+00:00'
    rate: '1.42752'
-
    date: '2020-04-23T00:00:00+00:00'
    rate: '1.41715'
-
    date: '2020-04-24T00:00:00+00:00'
    rate: '1.41044'
-
    date: '2020-04-25T00:00:00+00:00'
    rate: '1.42481'
-
    date: '2020-04-26T00:00:00+00:00'
    rate: '1.41810'
-
    date: '2020-04-27T00:00:00+00:00'
    rate: '1.40963'
-
    date: '2020-04-28T00:00:00+00:00'
    rate: '1.40909'
-
    date: '2020-04-29T00:00:00+00:00'
    rate: '1.40487'
-
    date: '2020-04-30T00:00:00+00:00'
    rate: '1.40350'
-
    date: '2020-05-01T00:00:00+00:00'
    rate: '1.42325'
-
    date: '2020-05-02T00:00:00+00:00'
    rate: '1.42999'
-
    date: '2020-05-03T00:00:00+00:00'
    rate: '1.43016'
-
    date: '2020-05-04T00:00:00+00:00'
    rate: '1.42626'
-
    date: '2020-05-05T00:00:00+00:00'
    rate: '1.41800'
-
    date: '2020-05-06T00:00:00+00:00'
    rate: '1.42700'
-
    date: '2020-05-07T00:00:00+00:00'
    rate: '1.41480'
-
    date: '2020-05-08T00:00:00+00:00'
    rate: '1.40862'
-
    date: '2020-05-09T00:00:00+00:00'
    rate: '1.40002'
-
    date: '2020-05-10T00:00:00+00:00'
    rate: '1.39500'
-
    date: '2020-05-11T00:00:00+00:00'
    rate: '1.41790'
-
    date: '2020-05-12T00:00:00+00:00'
    rate: '1.41990'
-
    date: '2020-05-13T00:00:00+00:00'
    rate: '1.41973'
-
    date: '2020-05-14T00:00:00+00:00'
    rate: '1.40457'
-
    date: '2020-05-15T00:00:00+00:00'
    rate: '1.42199'
-
    date: '2020-05-16T00:00:00+00:00'
    rate: '1.42249'
-
    date: '2020-05-17T00:00:00+00:00'
    rate: '1.41809'
-
    date: '2020-05-18T00:00:00+00:00'
    rate: '1.39902'
-
    date: '2020-05-19T00:00:00+00:00'
    rate: '1.39375'
-
    date: '2020-05-20T00:00:00+00:00'
    rate: '1.40103'
-
    date: '2020-05-21T00:00:00+00:00'
    rate: '1.40829'
-
    date: '2020-05-22T00:00:00+00:00'
    rate: '1.40800'
-
    date: '2020-05-23T00:00:00+00:00'
    rate: '1.41243'
-
    date: '2020-05-24T00:00:00+00:00'
    rate: '1.40814'
-
    date: '2020-05-25T00:00:00+00:00'
    rate: '1.40659'
-
    date: '2020-05-26T00:00:00+00:00'
    rate: '1.38789'
-
    date: '2020-05-27T00:00:00+00:00'
    rate: '1.38457'
-
    date: '2020-05-28T00:00:00+00:00'
    rate: '1.38171'
-
    date: '2020-05-29T00:00:00+00:00'
    rate: '1.38594'
-
    date: '2020-05-30T00:00:00+00:00'
    rate: '1.38044'
-
    date: '2020-05-31T00:00:00+00:00'
    rate: '1.38022'
-
    date: '2020-06-01T00:00:00+00:00'
    rate: '1.36294'
-
    date: '2020-06-02T00:00:00+00:00'
    rate: '1.36339'
-
    date: '2020-06-03T00:00:00+00:00'
    rate: '1.35691'
-
    date: '2020-06-04T00:00:00+00:00'
    rate: '1.36198'
-
    date: '2020-06-05T00:00:00+00:00'
    rate: '1.35294'
-
    date: '2020-06-06T00:00:00+00:00'
    rate: '1.34515'
-
    date: '2020-06-07T00:00:00+00:00'
    rate: '1.34436'
-
    date: '2020-06-08T00:00:00+00:00'
    rate: '1.33676'
-
    date: '2020-06-09T00:00:00+00:00'
    rate: '1.34352'
-
    date: '2020-06-10T00:00:00+00:00'
    rate: '1.34581'
-
    date: '2020-06-11T00:00:00+00:00'
    rate: '1.37580'
-
    date: '2020-06-12T00:00:00+00:00'
    rate: '1.38102'
-
    date: '2020-06-13T00:00:00+00:00'
    rate: '1.36842'
-
    date: '2020-06-14T00:00:00+00:00'
    rate: '1.36300'
-
    date: '2020-06-15T00:00:00+00:00'
    rate: '1.35557'
-
    date: '2020-06-16T00:00:00+00:00'
    rate: '1.35959'
-
    date: '2020-06-17T00:00:00+00:00'
    rate: '1.36718'
-
    date: '2020-06-18T00:00:00+00:00'
    rate: '1.36546'
-
    date: '2020-06-19T00:00:00+00:00'
    rate: '1.36961'
-
    date: '2020-06-20T00:00:00+00:00'
    rate: '1.36420'
-
    date: '2020-06-21T00:00:00+00:00'
    rate: '1.37017'
-
    date: '2020-06-22T00:00:00+00:00'
    rate: '1.35007'
-
    date: '2020-06-23T00:00:00+00:00'
    rate: '1.35617'
-
    date: '2020-06-24T00:00:00+00:00'
    rate: '1.37006'
-
    date: '2020-06-25T00:00:00+00:00'
    rate: '1.37306'
-
    date: '2020-06-26T00:00:00+00:00'
    rate: '1.37260'
-
    date: '2020-06-27T00:00:00+00:00'
    rate: '1.37809'
-
    date: '2020-06-28T00:00:00+00:00'
    rate: '1.37403'
-
    date: '2020-06-29T00:00:00+00:00'
    rate: '1.37021'
-
    date: '2020-06-30T00:00:00+00:00'
    rate: '1.36209'
-
    date: '2020-07-01T00:00:00+00:00'
    rate: '1.36230'
-
    date: '2020-07-02T00:00:00+00:00'
    rate: '1.36237'
-
    date: '2020-07-03T00:00:00+00:00'
    rate: '1.35979'
-
    date: '2020-07-04T00:00:00+00:00'
    rate: '1.36079'
-
    date: '2020-07-05T00:00:00+00:00'
    rate: '1.35880'
-
    date: '2020-07-06T00:00:00+00:00'
    rate: '1.35482'
-
    date: '2020-07-07T00:00:00+00:00'
    rate: '1.36472'
-
    date: '2020-07-08T00:00:00+00:00'
    rate: '1.35376'
-
    date: '2020-07-09T00:00:00+00:00'
    rate: '1.36171'
-
    date: '2020-07-10T00:00:00+00:00'
    rate: '1.36273'
-
    date: '2020-07-11T00:00:00+00:00'
    rate: '1.36650'
-
    date: '2020-07-12T00:00:00+00:00'
    rate: '1.36486'
-
    date: '2020-07-13T00:00:00+00:00'
    rate: '1.36274'
-
    date: '2020-07-14T00:00:00+00:00'
    rate: '1.36237'
-
    date: '2020-07-15T00:00:00+00:00'
    rate: '1.35880'
-
    date: '2020-07-16T00:00:00+00:00'
    rate: '1.36057'
-
    date: '2020-07-17T00:00:00+00:00'
    rate: '1.36331'
-
    date: '2020-07-18T00:00:00+00:00'
    rate: '1.36301'
-
    date: '2020-07-19T00:00:00+00:00'
    rate: '1.35980'
-
    date: '2020-07-20T00:00:00+00:00'
    rate: '1.36016'
-
    date: '2020-07-21T00:00:00+00:00'
    rate: '1.34629'
-
    date: '2020-07-22T00:00:00+00:00'
    rate: '1.34094'
-
    date: '2020-07-23T00:00:00+00:00'
    rate: '1.33267'
-
    date: '2020-07-24T00:00:00+00:00'
    rate: '1.33860'
-
    date: '2020-07-25T00:00:00+00:00'
    rate: '1.33820'
-
    date: '2020-07-26T00:00:00+00:00'
    rate: '1.34120'
-
    date: '2020-07-27T00:00:00+00:00'
    rate: '1.33168'
-
    date: '2020-07-28T00:00:00+00:00'
    rate: '1.33081'
-
    date: '2020-07-29T00:00:00+00:00'
    rate: '1.33045'
-
    date: '2020-07-30T00:00:00+00:00'
    rate: '1.34136'
-
    date: '2020-07-31T00:00:00+00:00'
    rate: '1.34157'
-
    date: '2020-08-01T00:00:00+00:00'
    rate: '1.33940'
-
    date: '2020-08-02T00:00:00+00:00'
    rate: '1.33708'
-
    date: '2020-08-03T00:00:00+00:00'
    rate: '1.34106'
-
    date: '2020-08-04T00:00:00+00:00'
    rate: '1.32840'
-
    date: '2020-08-05T00:00:00+00:00'
    rate: '1.32909'
-
    date: '2020-08-06T00:00:00+00:00'
    rate: '1.33522'
-
    date: '2020-08-07T00:00:00+00:00'
    rate: '1.34082'
-
    date: '2020-08-08T00:00:00+00:00'
    rate: '1.34504'
-
    date: '2020-08-09T00:00:00+00:00'
    rate: '1.34315'
-
    date: '2020-08-10T00:00:00+00:00'
    rate: '1.33753'
-
    date: '2020-08-11T00:00:00+00:00'
    rate: '1.33655'
-
    date: '2020-08-12T00:00:00+00:00'
    rate: '1.33111'
-
    date: '2020-08-13T00:00:00+00:00'
    rate: '1.32552'
-
    date: '2020-08-14T00:00:00+00:00'
    rate: '1.33145'
-
    date: '2020-08-15T00:00:00+00:00'
    rate: '1.33400'
-
    date: '2020-08-16T00:00:00+00:00'
    rate: '1.33303'
-
    date: '2020-08-17T00:00:00+00:00'
    rate: '1.32718'
-
    date: '2020-08-18T00:00:00+00:00'
    rate: '1.32188'
-
    date: '2020-08-19T00:00:00+00:00'
    rate: '1.33468'
-
    date: '2020-08-20T00:00:00+00:00'
    rate: '1.32480'
-
    date: '2020-08-21T00:00:00+00:00'
    rate: '1.32977'
-
    date: '2020-08-22T00:00:00+00:00'
    rate: '1.33242'
-
    date: '2020-08-23T00:00:00+00:00'
    rate: '1.32989'
-
    date: '2020-08-24T00:00:00+00:00'
    rate: '1.33111'
-
    date: '2020-08-25T00:00:00+00:00'
    rate: '1.32932'
-
    date: '2020-08-26T00:00:00+00:00'
    rate: '1.32566'
-
    date: '2020-08-27T00:00:00+00:00'
    rate: '1.32251'
-
    date: '2020-08-28T00:00:00+00:00'
    rate: '1.31901'
-
    date: '2020-08-29T00:00:00+00:00'
    rate: '1.31718'
-
    date: '2020-08-30T00:00:00+00:00'
    rate: '1.31793'
-
    date: '2020-08-31T00:00:00+00:00'
    rate: '1.30784'
-
    date: '2020-09-01T00:00:00+00:00'
    rate: '1.31290'
-
    date: '2020-09-02T00:00:00+00:00'
    rate: '1.31429'
-
    date: '2020-09-03T00:00:00+00:00'
    rate: '1.32491'
-
    date: '2020-09-04T00:00:00+00:00'
    rate: '1.31822'
-
    date: '2020-09-05T00:00:00+00:00'
    rate: '1.31689'
-
    date: '2020-09-06T00:00:00+00:00'
    rate: '1.32170'
-
    date: '2020-09-07T00:00:00+00:00'
    rate: '1.32139'
-
    date: '2020-09-08T00:00:00+00:00'
    rate: '1.33530'
-
    date: '2020-09-09T00:00:00+00:00'
    rate: '1.32992'
-
    date: '2020-09-10T00:00:00+00:00'
    rate: '1.32785'
-
    date: '2020-09-11T00:00:00+00:00'
    rate: '1.33549'
-
    date: '2020-09-12T00:00:00+00:00'
    rate: '1.33213'
-
    date: '2020-09-13T00:00:00+00:00'
    rate: '1.33721'
-
    date: '2020-09-14T00:00:00+00:00'
    rate: '1.32269'
-
    date: '2020-09-15T00:00:00+00:00'
    rate: '1.32519'
-
    date: '2020-09-16T00:00:00+00:00'
    rate: '1.32936'
-
    date: '2020-09-17T00:00:00+00:00'
    rate: '1.32164'
-
    date: '2020-09-18T00:00:00+00:00'
    rate: '1.32997'
-
    date: '2020-09-19T00:00:00+00:00'
    rate: '1.33054'
-
    date: '2020-09-20T00:00:00+00:00'
    rate: '1.32819'
-
    date: '2020-09-21T00:00:00+00:00'
    rate: '1.35176'
-
    date: '2020-09-22T00:00:00+00:00'
    rate: '1.34129'
