-
    date: '2020-10-06T16:00:00+00:00'
    rate: '186.9'
-
    date: '2020-10-05T16:00:00+00:00'
    rate: '194.4'
-
    date: '2020-10-04T16:00:00+00:00'
    rate: '187.2'
-
    date: '2020-10-03T16:00:00+00:00'
    rate: '187.9'
-
    date: '2020-10-02T16:00:00+00:00'
    rate: '188.8'
-
    date: '2020-10-01T16:00:00+00:00'
    rate: '184'
-
    date: '2020-09-30T16:00:00+00:00'
    rate: '195.6'
-
    date: '2020-09-29T16:00:00+00:00'
    rate: '195.9'
-
    date: '2020-09-28T16:00:00+00:00'
    rate: '195.9'
-
    date: '2020-09-27T16:00:00+00:00'
    rate: '197'
-
    date: '2020-09-26T16:00:00+00:00'
    rate: '194.5'
-
    date: '2020-09-25T16:00:00+00:00'
    rate: '184.5'
-
    date: '2020-09-24T16:00:00+00:00'
    rate: '183.2'
-
    date: '2020-09-23T16:00:00+00:00'
    rate: '182'
-
    date: '2020-09-22T16:00:00+00:00'
    rate: '185.9'
-
    date: '2020-09-21T16:00:00+00:00'
    rate: '182.6'
-
    date: '2020-09-20T16:00:00+00:00'
    rate: '180.6'
-
    date: '2020-09-19T16:00:00+00:00'
    rate: '190.6'
-
    date: '2020-09-18T16:00:00+00:00'
    rate: '198.5'
-
    date: '2020-09-17T16:00:00+00:00'
    rate: '198.5'
-
    date: '2020-09-16T16:00:00+00:00'
    rate: '196.3'
-
    date: '2020-09-15T16:00:00+00:00'
    rate: '197.9'
-
    date: '2020-09-14T16:00:00+00:00'
    rate: '201.2'
-
    date: '2020-09-13T16:00:00+00:00'
    rate: '192.1'
-
    date: '2020-09-12T16:00:00+00:00'
    rate: '188'
-
    date: '2020-09-11T16:00:00+00:00'
    rate: '189.7'
-
    date: '2020-09-10T16:00:00+00:00'
    rate: '188'
-
    date: '2020-09-09T16:00:00+00:00'
    rate: '192.2'
-
    date: '2020-09-08T16:00:00+00:00'
    rate: '189.8'
-
    date: '2020-09-07T16:00:00+00:00'
    rate: '189.9'
-
    date: '2020-09-06T16:00:00+00:00'
    rate: '190.2'
-
    date: '2020-09-05T16:00:00+00:00'
    rate: '190.2'
-
    date: '2020-09-04T16:00:00+00:00'
    rate: '185.7'
-
    date: '2020-09-03T16:00:00+00:00'
    rate: '193.1'
-
    date: '2020-09-02T16:00:00+00:00'
    rate: '209.3'
-
    date: '2020-09-01T16:00:00+00:00'
    rate: '219.9'
-
    date: '2020-08-31T16:00:00+00:00'
    rate: '236'
-
    date: '2020-08-30T16:00:00+00:00'
    rate: '231.1'
-
    date: '2020-08-29T16:00:00+00:00'
    rate: '231.6'
-
    date: '2020-08-28T16:00:00+00:00'
    rate: '226'
-
    date: '2020-08-27T16:00:00+00:00'
    rate: '225.4'
-
    date: '2020-08-26T16:00:00+00:00'
    rate: '228.2'
-
    date: '2020-08-25T16:00:00+00:00'
    rate: '233.6'
-
    date: '2020-08-24T16:00:00+00:00'
    rate: '237'
-
    date: '2020-08-23T16:00:00+00:00'
    rate: '244.2'
-
    date: '2020-08-22T16:00:00+00:00'
    rate: '237.7'
-
    date: '2020-08-21T16:00:00+00:00'
    rate: '243'
-
    date: '2020-08-20T16:00:00+00:00'
    rate: '252.2'
-
    date: '2020-08-19T16:00:00+00:00'
    rate: '249.8'
-
    date: '2020-08-18T16:00:00+00:00'
    rate: '246.9'
-
    date: '2020-08-17T16:00:00+00:00'
    rate: '255.9'
-
    date: '2020-08-16T16:00:00+00:00'
    rate: '267.5'
-
    date: '2020-08-15T16:00:00+00:00'
    rate: '253.7'
-
    date: '2020-08-14T16:00:00+00:00'
    rate: '255.4'
-
    date: '2020-08-13T16:00:00+00:00'
    rate: '247.7'
-
    date: '2020-08-12T16:00:00+00:00'
    rate: '237'
-
    date: '2020-08-11T16:00:00+00:00'
    rate: '245.9'
-
    date: '2020-08-10T16:00:00+00:00'
    rate: '242.7'
-
    date: '2020-08-09T16:00:00+00:00'
    rate: '258.1'
-
    date: '2020-08-08T16:00:00+00:00'
    rate: '250.6'
-
    date: '2020-08-07T16:00:00+00:00'
    rate: '261.3'
-
    date: '2020-08-06T16:00:00+00:00'
    rate: '266.7'
-
    date: '2020-08-05T16:00:00+00:00'
    rate: '264.9'
-
    date: '2020-08-04T16:00:00+00:00'
    rate: '248.7'
-
    date: '2020-08-03T16:00:00+00:00'
    rate: '246.5'
-
    date: '2020-08-02T16:00:00+00:00'
    rate: '248.9'
-
    date: '2020-08-01T16:00:00+00:00'
    rate: '237.4'
-
    date: '2020-07-31T16:00:00+00:00'
    rate: '262.5'
-
    date: '2020-07-30T16:00:00+00:00'
    rate: '255.8'
-
    date: '2020-07-29T16:00:00+00:00'
    rate: '244.9'
-
    date: '2020-07-28T16:00:00+00:00'
    rate: '246'
-
    date: '2020-07-27T16:00:00+00:00'
    rate: '251.1'
-
    date: '2020-07-26T16:00:00+00:00'
    rate: '217'
-
    date: '2020-07-25T16:00:00+00:00'
    rate: '213.2'
-
    date: '2020-07-24T16:00:00+00:00'
    rate: '208.3'
-
    date: '2020-07-23T16:00:00+00:00'
    rate: '203.4'
-
    date: '2020-07-22T16:00:00+00:00'
    rate: '205.1'
-
    date: '2020-07-21T16:00:00+00:00'
    rate: '201.5'
-
    date: '2020-07-20T16:00:00+00:00'
    rate: '200.8'
-
    date: '2020-07-19T16:00:00+00:00'
    rate: '196.4'
-
    date: '2020-07-18T16:00:00+00:00'
    rate: '197.2'
-
    date: '2020-07-17T16:00:00+00:00'
    rate: '195.2'
-
    date: '2020-07-16T16:00:00+00:00'
    rate: '196.2'
-
    date: '2020-07-15T16:00:00+00:00'
    rate: '192.8'
-
    date: '2020-07-14T16:00:00+00:00'
    rate: '200.5'
-
    date: '2020-07-13T16:00:00+00:00'
    rate: '201.8'
-
    date: '2020-07-12T16:00:00+00:00'
    rate: '207.8'
-
    date: '2020-07-11T16:00:00+00:00'
    rate: '210.3'
-
    date: '2020-07-10T16:00:00+00:00'
    rate: '209.3'
-
    date: '2020-07-09T16:00:00+00:00'
    rate: '209.8'
-
    date: '2020-07-08T16:00:00+00:00'
    rate: '210.8'
-
    date: '2020-07-07T16:00:00+00:00'
    rate: '216.4'
-
    date: '2020-07-06T16:00:00+00:00'
    rate: '209.5'
-
    date: '2020-07-05T16:00:00+00:00'
    rate: '212'
-
    date: '2020-07-04T16:00:00+00:00'
    rate: '201.6'
-
    date: '2020-07-03T16:00:00+00:00'
    rate: '197.6'
-
    date: '2020-07-02T16:00:00+00:00'
    rate: '197.9'
-
    date: '2020-07-01T16:00:00+00:00'
    rate: '200.9'
-
    date: '2020-06-30T16:00:00+00:00'
    rate: '199.5'
-
    date: '2020-06-29T16:00:00+00:00'
    rate: '197.6'
-
    date: '2020-06-28T16:00:00+00:00'
    rate: '197.5'
-
    date: '2020-06-27T16:00:00+00:00'
    rate: '195'
-
    date: '2020-06-26T16:00:00+00:00'
    rate: '204.3'
-
    date: '2020-06-25T16:00:00+00:00'
    rate: '204.6'
-
    date: '2020-06-24T16:00:00+00:00'
    rate: '208.7'
-
    date: '2020-06-23T16:00:00+00:00'
    rate: '209.4'
-
    date: '2020-06-22T16:00:00+00:00'
    rate: '212.9'
-
    date: '2020-06-21T16:00:00+00:00'
    rate: '210.2'
-
    date: '2020-06-20T16:00:00+00:00'
    rate: '208.9'
-
    date: '2020-06-19T16:00:00+00:00'
    rate: '208.6'
-
    date: '2020-06-18T16:00:00+00:00'
    rate: '209.9'
-
    date: '2020-06-17T16:00:00+00:00'
    rate: '212.9'
-
    date: '2020-06-16T16:00:00+00:00'
    rate: '213.3'
-
    date: '2020-06-15T16:00:00+00:00'
    rate: '208.8'
-
    date: '2020-06-14T16:00:00+00:00'
    rate: '206.2'
-
    date: '2020-06-13T16:00:00+00:00'
    rate: '211.3'
-
    date: '2020-06-12T16:00:00+00:00'
    rate: '213.9'
-
    date: '2020-06-11T16:00:00+00:00'
    rate: '213.9'
-
    date: '2020-06-10T16:00:00+00:00'
    rate: '219.1'
-
    date: '2020-06-09T16:00:00+00:00'
    rate: '224'
-
    date: '2020-06-08T16:00:00+00:00'
    rate: '224.9'
-
    date: '2020-06-07T16:00:00+00:00'
    rate: '224'
-
    date: '2020-06-06T16:00:00+00:00'
    rate: '218.9'
-
    date: '2020-06-05T16:00:00+00:00'
    rate: '226.4'
-
    date: '2020-06-04T16:00:00+00:00'
    rate: '227.2'
-
    date: '2020-06-03T16:00:00+00:00'
    rate: '227.6'
-
    date: '2020-06-02T16:00:00+00:00'
    rate: '222.7'
-
    date: '2020-06-01T16:00:00+00:00'
    rate: '222.6'
-
    date: '2020-05-31T16:00:00+00:00'
    rate: '213.1'
-
    date: '2020-05-30T16:00:00+00:00'
    rate: '219.2'
-
    date: '2020-05-29T16:00:00+00:00'
    rate: '220.6'
-
    date: '2020-05-28T16:00:00+00:00'
    rate: '215.9'
-
    date: '2020-05-27T16:00:00+00:00'
    rate: '211.7'
-
    date: '2020-05-26T16:00:00+00:00'
    rate: '212.6'
-
    date: '2020-05-25T16:00:00+00:00'
    rate: '207.8'
-
    date: '2020-05-24T16:00:00+00:00'
    rate: '210.3'
-
    date: '2020-05-23T16:00:00+00:00'
    rate: '212.8'
-
    date: '2020-05-22T16:00:00+00:00'
    rate: '217.7'
-
    date: '2020-05-21T16:00:00+00:00'
    rate: '213.6'
-
    date: '2020-05-20T16:00:00+00:00'
    rate: '211.5'
-
    date: '2020-05-19T16:00:00+00:00'
    rate: '218.1'
-
    date: '2020-05-18T16:00:00+00:00'
    rate: '224.4'
-
    date: '2020-05-17T16:00:00+00:00'
    rate: '226.4'
-
    date: '2020-05-16T16:00:00+00:00'
    rate: '224.5'
-
    date: '2020-05-15T16:00:00+00:00'
    rate: '221'
-
    date: '2020-05-14T16:00:00+00:00'
    rate: '219.8'
-
    date: '2020-05-13T16:00:00+00:00'
    rate: '225.6'
-
    date: '2020-05-12T16:00:00+00:00'
    rate: '212.8'
-
    date: '2020-05-11T16:00:00+00:00'
    rate: '216.6'
-
    date: '2020-05-10T16:00:00+00:00'
    rate: '213.8'
-
    date: '2020-05-09T16:00:00+00:00'
    rate: '216.7'
-
    date: '2020-05-08T16:00:00+00:00'
    rate: '251.3'
-
    date: '2020-05-07T16:00:00+00:00'
    rate: '233.2'
-
    date: '2020-05-06T16:00:00+00:00'
    rate: '227.6'
-
    date: '2020-05-05T16:00:00+00:00'
    rate: '230.7'
-
    date: '2020-05-04T16:00:00+00:00'
    rate: '226.8'
-
    date: '2020-05-03T16:00:00+00:00'
    rate: '220.2'
-
    date: '2020-05-02T16:00:00+00:00'
    rate: '226.9'
-
    date: '2020-05-01T16:00:00+00:00'
    rate: '233'
-
    date: '2020-04-30T16:00:00+00:00'
    rate: '231.8'
-
    date: '2020-04-29T16:00:00+00:00'
    rate: '231.8'
-
    date: '2020-04-28T16:00:00+00:00'
    rate: '234.1'
-
    date: '2020-04-27T16:00:00+00:00'
    rate: '222.2'
-
    date: '2020-04-26T16:00:00+00:00'
    rate: '217.7'
-
    date: '2020-04-25T16:00:00+00:00'
    rate: '221.2'
-
    date: '2020-04-24T16:00:00+00:00'
    rate: '223'
-
    date: '2020-04-23T16:00:00+00:00'
    rate: '219.9'
-
    date: '2020-04-22T16:00:00+00:00'
    rate: '224.1'
-
    date: '2020-04-21T16:00:00+00:00'
    rate: '211'
-
    date: '2020-04-20T16:00:00+00:00'
    rate: '202.6'
-
    date: '2020-04-19T16:00:00+00:00'
    rate: '206.5'
-
    date: '2020-04-18T16:00:00+00:00'
    rate: '211.8'
-
    date: '2020-04-17T16:00:00+00:00'
    rate: '219.6'
-
    date: '2020-04-16T16:00:00+00:00'
    rate: '212.5'
-
    date: '2020-04-15T16:00:00+00:00'
    rate: '213.5'
-
    date: '2020-04-14T16:00:00+00:00'
    rate: '203.5'
-
    date: '2020-04-13T16:00:00+00:00'
    rate: '205'
-
    date: '2020-04-12T16:00:00+00:00'
    rate: '201.7'
-
    date: '2020-04-11T16:00:00+00:00'
    rate: '212.1'
-
    date: '2020-04-10T16:00:00+00:00'
    rate: '211.9'
-
    date: '2020-04-09T16:00:00+00:00'
    rate: '217.1'
-
    date: '2020-04-08T16:00:00+00:00'
    rate: '240.6'
-
    date: '2020-04-07T16:00:00+00:00'
    rate: '243.8'
-
    date: '2020-04-06T16:00:00+00:00'
    rate: '237.7'
-
    date: '2020-04-05T16:00:00+00:00'
    rate: '227.6'
-
    date: '2020-04-04T16:00:00+00:00'
    rate: '218.5'
-
    date: '2020-04-03T16:00:00+00:00'
    rate: '218.4'
-
    date: '2020-04-02T16:00:00+00:00'
    rate: '217.8'
-
    date: '2020-04-01T16:00:00+00:00'
    rate: '216.7'
-
    date: '2020-03-31T16:00:00+00:00'
    rate: '199.7'
-
    date: '2020-03-30T16:00:00+00:00'
    rate: '201.8'
-
    date: '2020-03-29T16:00:00+00:00'
    rate: '198'
-
    date: '2020-03-28T16:00:00+00:00'
    rate: '191.2'
-
    date: '2020-03-27T16:00:00+00:00'
    rate: '186.3'
-
    date: '2020-03-26T16:00:00+00:00'
    rate: '205'
-
    date: '2020-03-25T16:00:00+00:00'
    rate: '203.3'
-
    date: '2020-03-24T16:00:00+00:00'
    rate: '203.8'
-
    date: '2020-03-23T16:00:00+00:00'
    rate: '209.5'
-
    date: '2020-03-22T16:00:00+00:00'
    rate: '201.2'
-
    date: '2020-03-21T16:00:00+00:00'
    rate: '196.9'
