-
    date: '2020-06-18T00:00:00+00:00'
    rate: '0.88'
-
    date: '2020-06-19T00:00:00+00:00'
    rate: '1.07599549'
-
    date: '2020-06-20T00:00:00+00:00'
    rate: '1.13821625'
-
    date: '2020-06-21T00:00:00+00:00'
    rate: '1.46999995'
-
    date: '2020-06-22T00:00:00+00:00'
    rate: '1.16491549'
-
    date: '2020-06-23T00:00:00+00:00'
    rate: '1.01789595'
-
    date: '2020-06-24T00:00:00+00:00'
    rate: '0.89239338'
-
    date: '2020-06-25T00:00:00+00:00'
    rate: '0.98130652'
-
    date: '2020-06-26T00:00:00+00:00'
    rate: '1.12466713'
-
    date: '2020-06-27T00:00:00+00:00'
    rate: '1.03676283'
-
    date: '2020-06-28T00:00:00+00:00'
    rate: '1.06988052'
-
    date: '2020-06-29T00:00:00+00:00'
    rate: '1.02759673'
-
    date: '2020-06-30T00:00:00+00:00'
    rate: '0.94000464'
-
    date: '2020-07-01T00:00:00+00:00'
    rate: '0.86'
-
    date: '2020-07-02T00:00:00+00:00'
    rate: '0.78565236'
-
    date: '2020-07-03T00:00:00+00:00'
    rate: '0.76731863'
-
    date: '2020-07-04T00:00:00+00:00'
    rate: '0.76575762'
-
    date: '2020-07-05T00:00:00+00:00'
    rate: '0.88999903'
-
    date: '2020-07-06T00:00:00+00:00'
    rate: '0.82530477'
-
    date: '2020-07-07T00:00:00+00:00'
    rate: '0.76808623'
-
    date: '2020-07-08T00:00:00+00:00'
    rate: '0.75723901'
-
    date: '2020-07-09T00:00:00+00:00'
    rate: '0.73632869'
-
    date: '2020-07-10T00:00:00+00:00'
    rate: '0.73141253'
-
    date: '2020-07-11T00:00:00+00:00'
    rate: '0.73526868'
-
    date: '2020-07-12T00:00:00+00:00'
    rate: '0.73141253'
-
    date: '2020-07-13T00:00:00+00:00'
    rate: '0.69935531'
-
    date: '2020-07-14T00:00:00+00:00'
    rate: '0.69997302'
-
    date: '2020-07-15T00:00:00+00:00'
    rate: '0.67502072'
-
    date: '2020-07-16T00:00:00+00:00'
    rate: '0.65370658'
-
    date: '2020-07-17T00:00:00+00:00'
    rate: '0.72411417'
-
    date: '2020-07-18T00:00:00+00:00'
    rate: '0.69170732'
-
    date: '2020-07-19T00:00:00+00:00'
    rate: '0.6914796'
-
    date: '2020-07-20T00:00:00+00:00'
    rate: '0.66919265'
-
    date: '2020-07-21T00:00:00+00:00'
    rate: '0.64532094'
-
    date: '2020-07-22T00:00:00+00:00'
    rate: '0.60038489'
-
    date: '2020-07-23T00:00:00+00:00'
    rate: '0.58017233'
-
    date: '2020-07-24T00:00:00+00:00'
    rate: '0.56229759'
-
    date: '2020-07-25T00:00:00+00:00'
    rate: '0.51409861'
-
    date: '2020-07-26T00:00:00+00:00'
    rate: '0.51230269'
-
    date: '2020-07-27T00:00:00+00:00'
    rate: '0.43288505'
-
    date: '2020-07-28T00:00:00+00:00'
    rate: '0.43820497'
-
    date: '2020-07-29T00:00:00+00:00'
    rate: '0.41748769'
-
    date: '2020-07-30T00:00:00+00:00'
    rate: '0.38965084'
-
    date: '2020-07-31T00:00:00+00:00'
    rate: '0.38523725'
-
    date: '2020-08-01T00:00:00+00:00'
    rate: '0.35997839'
-
    date: '2020-08-02T00:00:00+00:00'
    rate: '0.34519645'
-
    date: '2020-08-03T00:00:00+00:00'
    rate: '0.34101579'
-
    date: '2020-08-04T00:00:00+00:00'
    rate: '0.32934109'
-
    date: '2020-08-05T00:00:00+00:00'
    rate: '0.33768223'
-
    date: '2020-08-06T00:00:00+00:00'
    rate: '0.35343317'
-
    date: '2020-08-07T00:00:00+00:00'
    rate: '0.3982351'
-
    date: '2020-08-08T00:00:00+00:00'
    rate: '0.38170423'
-
    date: '2020-08-09T00:00:00+00:00'
    rate: '0.42807045'
-
    date: '2020-08-10T00:00:00+00:00'
    rate: '0.4516862'
-
    date: '2020-08-11T00:00:00+00:00'
    rate: '0.50932351'
-
    date: '2020-08-12T00:00:00+00:00'
    rate: '0.58657829'
-
    date: '2020-08-13T00:00:00+00:00'
    rate: '0.48342954'
-
    date: '2020-08-14T00:00:00+00:00'
    rate: '0.44637396'
-
    date: '2020-08-15T00:00:00+00:00'
    rate: '0.45254375'
-
    date: '2020-08-16T00:00:00+00:00'
    rate: '0.4535092'
-
    date: '2020-08-17T00:00:00+00:00'
    rate: '0.435'
-
    date: '2020-08-18T00:00:00+00:00'
    rate: '0.43434343'
-
    date: '2020-08-19T00:00:00+00:00'
    rate: '0.43924712'
-
    date: '2020-08-20T00:00:00+00:00'
    rate: '0.44153615'
-
    date: '2020-08-21T00:00:00+00:00'
    rate: '0.42948005'
-
    date: '2020-08-22T00:00:00+00:00'
    rate: '0.43753934'
-
    date: '2020-08-23T00:00:00+00:00'
    rate: '0.43164868'
-
    date: '2020-08-24T00:00:00+00:00'
    rate: '0.44841787'
-
    date: '2020-08-25T00:00:00+00:00'
    rate: '0.43404428'
-
    date: '2020-08-26T00:00:00+00:00'
    rate: '0.46758266'
-
    date: '2020-08-27T00:00:00+00:00'
    rate: '0.455'
-
    date: '2020-08-28T00:00:00+00:00'
    rate: '0.49588246'
-
    date: '2020-08-29T00:00:00+00:00'
    rate: '0.4862054'
-
    date: '2020-08-30T00:00:00+00:00'
    rate: '0.49242338'
-
    date: '2020-08-31T00:00:00+00:00'
    rate: '0.57250171'
-
    date: '2020-09-01T00:00:00+00:00'
    rate: '0.54739638'
-
    date: '2020-09-02T00:00:00+00:00'
    rate: '0.50592189'
-
    date: '2020-09-03T00:00:00+00:00'
    rate: '0.49298602'
-
    date: '2020-09-04T00:00:00+00:00'
    rate: '0.50049237'
-
    date: '2020-09-05T00:00:00+00:00'
    rate: '0.49620498'
-
    date: '2020-09-06T00:00:00+00:00'
    rate: '0.47606724'
-
    date: '2020-09-07T00:00:00+00:00'
    rate: '0.49639508'
-
    date: '2020-09-08T00:00:00+00:00'
    rate: '0.52619654'
-
    date: '2020-09-09T00:00:00+00:00'
    rate: '0.51260079'
-
    date: '2020-09-10T00:00:00+00:00'
    rate: '0.47621479'
-
    date: '2020-09-11T00:00:00+00:00'
    rate: '0.45840267'
-
    date: '2020-09-12T00:00:00+00:00'
    rate: '0.477492'
-
    date: '2020-09-13T00:00:00+00:00'
    rate: '0.44896684'
-
    date: '2020-09-14T00:00:00+00:00'
    rate: '0.4407534'
-
    date: '2020-09-15T00:00:00+00:00'
    rate: '0.42450787'
-
    date: '2020-09-16T00:00:00+00:00'
    rate: '0.41319958'
-
    date: '2020-09-17T00:00:00+00:00'
    rate: '0.40521337'
-
    date: '2020-09-18T00:00:00+00:00'
    rate: '0.40702401'
-
    date: '2020-09-19T00:00:00+00:00'
    rate: '0.3986943'
-
    date: '2020-09-20T00:00:00+00:00'
    rate: '0.38598928'
-
    date: '2020-09-21T00:00:00+00:00'
    rate: '0.38'
-
    date: '2020-09-22T00:00:00+00:00'
    rate: '0.40245542'
