-
    symbol: 1CR
    source: null
    sourceId: null
    target: null
    targetId: null
-
    symbol: ABY
    source: null
    sourceId: null
    target: null
    targetId: null
-
    symbol: AC
    source: null
    sourceId: null
    target: null
    targetId: null
-
    symbol: ACH
    source: null
    sourceId: null
    target: null
    targetId: null
-
    symbol: ADEL
    source: null
    sourceId: null
    target: null
    targetId: null
-
    symbol: ADN
    source: null
    sourceId: null
    target: null
    targetId: null
-
    symbol: AEON
    source: null
    sourceId: null
    target: null
    targetId: null
-
    symbol: AERO
    source: null
    sourceId: null
    target: null
    targetId: null
-
    symbol: AIR
    source: null
    sourceId: null
    target: null
    targetId: null
-
    symbol: AKRO
    source: null
    sourceId: null
    target: null
    targetId: null
-
    symbol: AMP
    source: null
    sourceId: null
    target: null
    targetId: null
-
    symbol: ANK
    source: null
    sourceId: null
    target: null
    targetId: null
-
    symbol: APH
    source: null
    sourceId: null
    target: null
    targetId: null
-
    symbol: ARCH
    source: null
    sourceId: null
    target: null
    targetId: null
-
    symbol: ARDR
    source: null
    sourceId: null
    target: null
    targetId: null
-
    symbol: ATOM
    source: null
    sourceId: null
    target: null
    targetId: null
-
    symbol: AUR
    source: null
    sourceId: null
    target: null
    targetId: null
-
    symbol: AVA
    source: null
    sourceId: null
    target: null
    targetId: null
-
    symbol: AXIS
    source: null
    sourceId: null
    target: null
    targetId: null
-
    symbol: BAL
    source: null
    sourceId: null
    target: null
    targetId: null
-
    symbol: BALLS
    source: null
    sourceId: null
    target: null
    targetId: null
-
    symbol: BAND
    source: null
    sourceId: null
    target: null
    targetId: null
-
    symbol: BANK
    source: null
    sourceId: null
    target: null
    targetId: null
-
    symbol: BAT
    source: null
    sourceId: null
    target: null
    targetId: null
-
    symbol: BBL
    source: null
    sourceId: null
    target: null
    targetId: null
-
    symbol: BBR
    source: null
    sourceId: null
    target: null
    targetId: null
-
    symbol: BCC
    source: null
    sourceId: null
    target: null
    targetId: null
-
    symbol: BCH
    source: null
    sourceId: null
    target: null
    targetId: null
-
    symbol: BCHABC
    source: null
    sourceId: null
    target: null
    targetId: null
-
    symbol: BCHBEAR
    source: null
    sourceId: null
    target: null
    targetId: null
-
    symbol: BCHBULL
    source: null
    sourceId: null
    target: null
    targetId: null
-
    symbol: BCHC
    source: null
    sourceId: null
    target: null
    targetId: null
-
    symbol: BCHSV
    source: null
    sourceId: null
    target: null
    targetId: null
-
    symbol: BCN
    source: null
    sourceId: null
    target: null
    targetId: null
-
    symbol: BCY
    source: null
    sourceId: null
    target: null
    targetId: null
-
    symbol: BDC
    source: null
    sourceId: null
    target: null
    targetId: null
-
    symbol: BDG
    source: null
    sourceId: null
    target: null
    targetId: null
-
    symbol: BEAR
    source: null
    sourceId: null
    target: null
    targetId: null
-
    symbol: BELA
    source: null
    sourceId: null
    target: null
    targetId: null
-
    symbol: BITCNY
    source: null
    sourceId: null
    target: null
    targetId: null
-
    symbol: BITS
    source: null
    sourceId: null
    target: null
    targetId: null
-
    symbol: BITUSD
    source: null
    sourceId: null
    target: null
    targetId: null
-
    symbol: BLK
    source: null
    sourceId: null
    target: null
    targetId: null
-
    symbol: BLOCK
    source: null
    sourceId: null
    target: null
    targetId: null
-
    symbol: BLU
    source: null
    sourceId: null
    target: null
    targetId: null
-
    symbol: BLY
    source: null
    sourceId: null
    target: null
    targetId: null
-
    symbol: BNB
    source: null
    sourceId: null
    target: null
    targetId: null
-
    symbol: BNS
    source: null
    sourceId: null
    target: null
    targetId: null
-
    symbol: BNT
    source: null
    sourceId: null
    target: null
    targetId: null
-
    symbol: BONES
    source: null
    sourceId: null
    target: null
    targetId: null
-
    symbol: BOST
    source: null
    sourceId: null
    target: null
    targetId: null
-
    symbol: BSVBEAR
    source: null
    sourceId: null
    target: null
    targetId: null
-
    symbol: BSVBULL
    source: null
    sourceId: null
    target: null
    targetId: null
-
    symbol: BTC
    source: null
    sourceId: null
    target: null
    targetId: null
-
    symbol: BTCD
    source: null
    sourceId: null
    target: null
    targetId: null
-
    symbol: BTCS
    source: null
    sourceId: null
    target: null
    targetId: null
-
    symbol: BTM
    source: null
    sourceId: null
    target: null
    targetId: null
-
    symbol: BTS
    source: null
    sourceId: null
    target: null
    targetId: null
-
    symbol: BTT
    source: null
    sourceId: null
    target: null
    targetId: null
-
    symbol: BULL
    source: null
    sourceId: null
    target: null
    targetId: null
-
    symbol: BURN
    source: null
    sourceId: null
    target: null
    targetId: null
-
    symbol: BURST
    source: null
    sourceId: null
    target: null
    targetId: null
-
    symbol: BUSD
    source: null
    sourceId: null
    target: null
    targetId: null
-
    symbol: BVOL
    source: null
    sourceId: null
    target: null
    targetId: null
-
    symbol: BZRX
    source: null
    sourceId: null
    target: null
    targetId: null
-
    symbol: C2
    source: null
    sourceId: null
    target: null
    targetId: null
-
    symbol: CACH
    source: null
    sourceId: null
    target: null
    targetId: null
-
    symbol: CAI
    source: null
    sourceId: null
    target: null
    targetId: null
-
    symbol: CC
    source: null
    sourceId: null
    target: null
    targetId: null
-
    symbol: CCN
    source: null
    sourceId: null
    target: null
    targetId: null
-
    symbol: CGA
    source: null
    sourceId: null
    target: null
    targetId: null
-
    symbol: CHA
    source: null
    sourceId: null
    target: null
    targetId: null
-
    symbol: CHR
    source: null
    sourceId: null
    target: null
    targetId: null
-
    symbol: CINNI
    source: null
    sourceId: null
    target: null
    targetId: null
-
    symbol: CLAM
    source: null
    sourceId: null
    target: null
    targetId: null
-
    symbol: CNL
    source: null
    sourceId: null
    target: null
    targetId: null
-
    symbol: CNMT
    source: null
    sourceId: null
    target: null
    targetId: null
-
    symbol: CNOTE
    source: null
    sourceId: null
    target: null
    targetId: null
-
    symbol: COMM
    source: null
    sourceId: null
    target: null
    targetId: null
-
    symbol: COMP
    source: null
    sourceId: null
    target: null
    targetId: null
-
    symbol: CON
    source: null
    sourceId: null
    target: null
    targetId: null
-
    symbol: CORG
    source: null
    sourceId: null
    target: null
    targetId: null
-
    symbol: CORN
    source: null
    sourceId: null
    target: null
    targetId: null
-
    symbol: CREAM
    source: null
    sourceId: null
    target: null
    targetId: null
-
    symbol: CRT
    source: null
    sourceId: null
    target: null
    targetId: null
-
    symbol: CRV
    source: null
    sourceId: null
    target: null
    targetId: null
-
    symbol: CRYPT
    source: null
    sourceId: null
    target: null
    targetId: null
-
    symbol: CURE
    source: null
    sourceId: null
    target: null
    targetId: null
-
    symbol: CUSDT
    source: null
    sourceId: null
    target: null
    targetId: null
-
    symbol: CVC
    source: null
    sourceId: null
    target: null
    targetId: null
-
    symbol: CYC
    source: null
    sourceId: null
    target: null
    targetId: null
-
    symbol: DAI
    source: null
    sourceId: null
    target: null
    targetId: null
-
    symbol: DAO
    source: null
    sourceId: null
    target: null
    targetId: null
-
    symbol: DASH
    source: null
    sourceId: null
    target: null
    targetId: null
-
    symbol: DCR
    source: null
    sourceId: null
    target: null
    targetId: null
-
    symbol: DEC
    source: null
    sourceId: null
    target: null
    targetId: null
-
    symbol: DEXT
    source: null
    sourceId: null
    target: null
    targetId: null
-
    symbol: DGB
    source: null
    sourceId: null
    target: null
    targetId: null
-
    symbol: DHT
    source: null
    sourceId: null
    target: null
    targetId: null
-
    symbol: DIA
    source: null
    sourceId: null
    target: null
    targetId: null
-
    symbol: DICE
    source: null
    sourceId: null
    target: null
    targetId: null
-
    symbol: DIEM
    source: null
    sourceId: null
    target: null
    targetId: null
-
    symbol: DIME
    source: null
    sourceId: null
    target: null
    targetId: null
-
    symbol: DIS
    source: null
    sourceId: null
    target: null
    targetId: null
-
    symbol: DMG
    source: null
    sourceId: null
    target: null
    targetId: null
-
    symbol: DNS
    source: null
    sourceId: null
    target: null
    targetId: null
-
    symbol: DOGE
    source: null
    sourceId: null
    target: null
    targetId: null
-
    symbol: DOS
    source: null
    sourceId: null
    target: null
    targetId: null
-
    symbol: DOT
    source: null
    sourceId: null
    target: null
    targetId: null
-
    symbol: DRKC
    source: null
    sourceId: null
    target: null
    targetId: null
-
    symbol: DRM
    source: null
    sourceId: null
    target: null
    targetId: null
-
    symbol: DSH
    source: null
    sourceId: null
    target: null
    targetId: null
-
    symbol: DVK
    source: null
    sourceId: null
    target: null
    targetId: null
-
    symbol: EAC
    source: null
    sourceId: null
    target: null
    targetId: null
-
    symbol: EBT
    source: null
    sourceId: null
    target: null
    targetId: null
-
    symbol: ECC
    source: null
    sourceId: null
    target: null
    targetId: null
-
    symbol: EFL
    source: null
    sourceId: null
    target: null
    targetId: null
-
    symbol: EMC2
    source: null
    sourceId: null
    target: null
    targetId: null
-
    symbol: EMO
    source: null
    sourceId: null
    target: null
    targetId: null
-
    symbol: ENC
    source: null
    sourceId: null
    target: null
    targetId: null
-
    symbol: EOS
    source: null
    sourceId: null
    target: null
    targetId: null
-
    symbol: EOSBEAR
    source: null
    sourceId: null
    target: null
    targetId: null
-
    symbol: EOSBULL
    source: null
    sourceId: null
    target: null
    targetId: null
-
    symbol: ETC
    source: null
    sourceId: null
    target: null
    targetId: null
-
    symbol: ETH
    source: null
    sourceId: null
    target: null
    targetId: null
-
    symbol: ETHBEAR
    source: null
    sourceId: null
    target: null
    targetId: null
-
    symbol: ETHBNT
    source: null
    sourceId: null
    target: null
    targetId: null
-
    symbol: ETHBULL
    source: null
    sourceId: null
    target: null
    targetId: null
-
    symbol: eTOK
    source: null
    sourceId: null
    target: null
    targetId: null
-
    symbol: EXE
    source: null
    sourceId: null
    target: null
    targetId: null
-
    symbol: EXP
    source: null
    sourceId: null
    target: null
    targetId: null
-
    symbol: FAC
    source: null
    sourceId: null
    target: null
    targetId: null
-
    symbol: FCN
    source: null
    sourceId: null
    target: null
    targetId: null
-
    symbol: FCT
    source: null
    sourceId: null
    target: null
    targetId: null
-
    symbol: FCT2
    source: null
    sourceId: null
    target: null
    targetId: null
-
    symbol: FIBRE
    source: null
    sourceId: null
    target: null
    targetId: null
-
    symbol: FLAP
    source: null
    sourceId: null
    target: null
    targetId: null
-
    symbol: FLDC
    source: null
    sourceId: null
    target: null
    targetId: null
-
    symbol: FLO
    source: null
    sourceId: null
    target: null
    targetId: null
-
    symbol: FLT
    source: null
    sourceId: null
    target: null
    targetId: null
-
    symbol: FOAM
    source: null
    sourceId: null
    target: null
    targetId: null
-
    symbol: FOX
    source: null
    sourceId: null
    target: null
    targetId: null
-
    symbol: FRAC
    source: null
    sourceId: null
    target: null
    targetId: null
-
    symbol: FRK
    source: null
    sourceId: null
    target: null
    targetId: null
-
    symbol: FRQ
    source: null
    sourceId: null
    target: null
    targetId: null
-
    symbol: FSW
    source: null
    sourceId: null
    target: null
    targetId: null
-
    symbol: FUND
    source: null
    sourceId: null
    target: null
    targetId: null
-
    symbol: FVZ
    source: null
    sourceId: null
    target: null
    targetId: null
-
    symbol: FXC
    source: null
    sourceId: null
    target: null
    targetId: null
-
    symbol: FZ
    source: null
    sourceId: null
    target: null
    targetId: null
-
    symbol: FZN
    source: null
    sourceId: null
    target: null
    targetId: null
-
    symbol: GAME
    source: null
    sourceId: null
    target: null
    targetId: null
-
    symbol: GAP
    source: null
    sourceId: null
    target: null
    targetId: null
-
    symbol: GAS
    source: null
    sourceId: null
    target: null
    targetId: null
-
    symbol: GDN
    source: null
    sourceId: null
    target: null
    targetId: null
-
    symbol: GEEQ
    source: null
    sourceId: null
    target: null
    targetId: null
-
    symbol: GEMZ
    source: null
    sourceId: null
    target: null
    targetId: null
-
    symbol: GEO
    source: null
    sourceId: null
    target: null
    targetId: null
-
    symbol: GIAR
    source: null
    sourceId: null
    target: null
    targetId: null
-
    symbol: GLB
    source: null
    sourceId: null
    target: null
    targetId: null
-
    symbol: GML
    source: null
    sourceId: null
    target: null
    targetId: null
-
    symbol: GNO
    source: null
    sourceId: null
    target: null
    targetId: null
-
    symbol: GNS
    source: null
    sourceId: null
    target: null
    targetId: null
-
    symbol: GNT
    source: null
    sourceId: null
    target: null
    targetId: null
-
    symbol: GOLD
    source: null
    sourceId: null
    target: null
    targetId: null
-
    symbol: GPC
    source: null
    sourceId: null
    target: null
    targetId: null
-
    symbol: GPUC
    source: null
    sourceId: null
    target: null
    targetId: null
-
    symbol: GRC
    source: null
    sourceId: null
    target: null
    targetId: null
-
    symbol: GRCX
    source: null
    sourceId: null
    target: null
    targetId: null
-
    symbol: GRIN
    source: null
    sourceId: null
    target: null
    targetId: null
-
    symbol: GRS
    source: null
    sourceId: null
    target: null
    targetId: null
-
    symbol: GUE
    source: null
    sourceId: null
    target: null
    targetId: null
-
    symbol: H2O
    source: null
    sourceId: null
    target: null
    targetId: null
-
    symbol: HGET
    source: null
    sourceId: null
    target: null
    targetId: null
-
    symbol: HIRO
    source: null
    sourceId: null
    target: null
    targetId: null
-
    symbol: HOT
    source: null
    sourceId: null
    target: null
    targetId: null
-
    symbol: HUC
    source: null
    sourceId: null
    target: null
    targetId: null
-
    symbol: HUGE
    source: null
    sourceId: null
    target: null
    targetId: null
-
    symbol: HVC
    source: null
    sourceId: null
    target: null
    targetId: null
-
    symbol: HYP
    source: null
    sourceId: null
    target: null
    targetId: null
-
    symbol: HZ
    source: null
    sourceId: null
    target: null
    targetId: null
-
    symbol: IBVOL
    source: null
    sourceId: null
    target: null
    targetId: null
-
    symbol: IFC
    source: null
    sourceId: null
    target: null
    targetId: null
-
    symbol: INDEX
    source: null
    sourceId: null
    target: null
    targetId: null
-
    symbol: IOC
    source: null
    sourceId: null
    target: null
    targetId: null
-
    symbol: ITC
    source: null
    sourceId: null
    target: null
    targetId: null
-
    symbol: IXC
    source: null
    sourceId: null
    target: null
    targetId: null
-
    symbol: JFI
    source: null
    sourceId: null
    target: null
    targetId: null
-
    symbol: JLH
    source: null
    sourceId: null
    target: null
    targetId: null
-
    symbol: JPC
    source: null
    sourceId: null
    target: null
    targetId: null
-
    symbol: JST
    source: null
    sourceId: null
    target: null
    targetId: null
-
    symbol: JUG
    source: null
    sourceId: null
    target: null
    targetId: null
-
    symbol: KDC
    source: null
    sourceId: null
    target: null
    targetId: null
-
    symbol: KEY
    source: null
    sourceId: null
    target: null
    targetId: null
-
    symbol: KNC
    source: null
    sourceId: null
    target: null
    targetId: null
-
    symbol: KTON
    source: null
    sourceId: null
    target: null
    targetId: null
-
    symbol: LBC
    source: null
    sourceId: null
    target: null
    targetId: null
-
    symbol: LC
    source: null
    sourceId: null
    target: null
    targetId: null
-
    symbol: LCL
    source: null
    sourceId: null
    target: null
    targetId: null
-
    symbol: LEAF
    source: null
    sourceId: null
    target: null
    targetId: null
-
    symbol: LEND
    source: null
    sourceId: null
    target: null
    targetId: null
-
    symbol: LGC
    source: null
    sourceId: null
    target: null
    targetId: null
-
    symbol: LINK
    source: null
    sourceId: null
    target: null
    targetId: null
-
    symbol: LINKBEAR
    source: null
    sourceId: null
    target: null
    targetId: null
-
    symbol: LINKBULL
    source: null
    sourceId: null
    target: null
    targetId: null
-
    symbol: LOL
    source: null
    sourceId: null
    target: null
    targetId: null
-
    symbol: LOOM
    source: null
    sourceId: null
    target: null
    targetId: null
-
    symbol: LOVE
    source: null
    sourceId: null
    target: null
    targetId: null
-
    symbol: LPT
    source: null
    sourceId: null
    target: null
    targetId: null
-
    symbol: LQD
    source: null
    sourceId: null
    target: null
    targetId: null
-
    symbol: LRC
    source: null
    sourceId: null
    target: null
    targetId: null
-
    symbol: LSK
    source: null
    sourceId: null
    target: null
    targetId: null
-
    symbol: LTBC
    source: null
    sourceId: null
    target: null
    targetId: null
-
    symbol: LTC
    source: null
    sourceId: null
    target: null
    targetId: null
-
    symbol: LTCX
    source: null
    sourceId: null
    target: null
    targetId: null
-
    symbol: MAID
    source: null
    sourceId: null
    target: null
    targetId: null
-
    symbol: MANA
    source: null
    sourceId: null
    target: null
    targetId: null
-
    symbol: MAST
    source: null
    sourceId: null
    target: null
    targetId: null
-
    symbol: MATIC
    source: null
    sourceId: null
    target: null
    targetId: null
-
    symbol: MAX
    source: null
    sourceId: null
    target: null
    targetId: null
-
    symbol: MCB
    source: null
    sourceId: null
    target: null
    targetId: null
-
    symbol: MCN
    source: null
    sourceId: null
    target: null
    targetId: null
-
    symbol: MDT
    source: null
    sourceId: null
    target: null
    targetId: null
-
    symbol: MEC
    source: null
    sourceId: null
    target: null
    targetId: null
-
    symbol: MEME
    source: null
    sourceId: null
    target: null
    targetId: null
-
    symbol: METH
    source: null
    sourceId: null
    target: null
    targetId: null
-
    symbol: MIL
    source: null
    sourceId: null
    target: null
    targetId: null
-
    symbol: MIN
    source: null
    sourceId: null
    target: null
    targetId: null
-
    symbol: MINT
    source: null
    sourceId: null
    target: null
    targetId: null
-
    symbol: MKR
    source: null
    sourceId: null
    target: null
    targetId: null
-
    symbol: MMC
    source: null
    sourceId: null
    target: null
    targetId: null
-
    symbol: MMNXT
    source: null
    sourceId: null
    target: null
    targetId: null
-
    symbol: MMXIV
    source: null
    sourceId: null
    target: null
    targetId: null
-
    symbol: MNTA
    source: null
    sourceId: null
    target: null
    targetId: null
-
    symbol: MON
    source: null
    sourceId: null
    target: null
    targetId: null
-
    symbol: MRC
    source: null
    sourceId: null
    target: null
    targetId: null
-
    symbol: MRS
    source: null
    sourceId: null
    target: null
    targetId: null
-
    symbol: MTA
    source: null
    sourceId: null
    target: null
    targetId: null
-
    symbol: MTS
    source: null
    sourceId: null
    target: null
    targetId: null
-
    symbol: MUN
    source: null
    sourceId: null
    target: null
    targetId: null
-
    symbol: MYR
    source: null
    sourceId: null
    target: null
    targetId: null
-
    symbol: MZC
    source: null
    sourceId: null
    target: null
    targetId: null
-
    symbol: N5X
    source: null
    sourceId: null
    target: null
    targetId: null
-
    symbol: NAS
    source: null
    sourceId: null
    target: null
    targetId: null
-
    symbol: NAUT
    source: null
    sourceId: null
    target: null
    targetId: null
-
    symbol: NAV
    source: null
    sourceId: null
    target: null
    targetId: null
-
    symbol: NBT
    source: null
    sourceId: null
    target: null
    targetId: null
-
    symbol: NEO
    source: null
    sourceId: null
    target: null
    targetId: null
-
    symbol: NEOS
    source: null
    sourceId: null
    target: null
    targetId: null
-
    symbol: NL
    source: null
    sourceId: null
    target: null
    targetId: null
-
    symbol: NMC
    source: null
    sourceId: null
    target: null
    targetId: null
-
    symbol: NMR
    source: null
    sourceId: null
    target: null
    targetId: null
-
    symbol: NOBL
    source: null
    sourceId: null
    target: null
    targetId: null
-
    symbol: NOTE
    source: null
    sourceId: null
    target: null
    targetId: null
-
    symbol: NOXT
    source: null
    sourceId: null
    target: null
    targetId: null
-
    symbol: NRS
    source: null
    sourceId: null
    target: null
    targetId: null
-
    symbol: NSR
    source: null
    sourceId: null
    target: null
    targetId: null
-
    symbol: NTX
    source: null
    sourceId: null
    target: null
    targetId: null
-
    symbol: NXC
    source: null
    sourceId: null
    target: null
    targetId: null
-
    symbol: NXT
    source: null
    sourceId: null
    target: null
    targetId: null
-
    symbol: NXTI
    source: null
    sourceId: null
    target: null
    targetId: null
-
    symbol: OCEAN
    source: null
    sourceId: null
    target: null
    targetId: null
-
    symbol: OM
    source: null
    sourceId: null
    target: null
    targetId: null
-
    symbol: OMG
    source: null
    sourceId: null
    target: null
    targetId: null
-
    symbol: OMNI
    source: null
    sourceId: null
    target: null
    targetId: null
-
    symbol: OPAL
    source: null
    sourceId: null
    target: null
    targetId: null
-
    symbol: OPT
    source: null
    sourceId: null
    target: null
    targetId: null
-
    symbol: PAND
    source: null
    sourceId: null
    target: null
    targetId: null
-
    symbol: PASC
    source: null
    sourceId: null
    target: null
    targetId: null
-
    symbol: PAWN
    source: null
    sourceId: null
    target: null
    targetId: null
-
    symbol: PAX
    source: null
    sourceId: null
    target: null
    targetId: null
-
    symbol: PEARL
    source: null
    sourceId: null
    target: null
    targetId: null
-
    symbol: PERX
    source: null
    sourceId: null
    target: null
    targetId: null
-
    symbol: PIGGY
    source: null
    sourceId: null
    target: null
    targetId: null
-
    symbol: PINK
    source: null
    sourceId: null
    target: null
    targetId: null
-
    symbol: PLT
    source: null
    sourceId: null
    target: null
    targetId: null
-
    symbol: PLX
    source: null
    sourceId: null
    target: null
    targetId: null
-
    symbol: PMC
    source: null
    sourceId: null
    target: null
    targetId: null
-
    symbol: POLY
    source: null
    sourceId: null
    target: null
    targetId: null
-
    symbol: POT
    source: null
    sourceId: null
    target: null
    targetId: null
-
    symbol: PPC
    source: null
    sourceId: null
    target: null
    targetId: null
-
    symbol: PRC
    source: null
    sourceId: null
    target: null
    targetId: null
-
    symbol: PRQ
    source: null
    sourceId: null
    target: null
    targetId: null
-
    symbol: PRT
    source: null
    sourceId: null
    target: null
    targetId: null
-
    symbol: PTS
    source: null
    sourceId: null
    target: null
    targetId: null
-
    symbol: Q2C
    source: null
    sourceId: null
    target: null
    targetId: null
-
    symbol: QBK
    source: null
    sourceId: null
    target: null
    targetId: null
-
    symbol: QCN
    source: null
    sourceId: null
    target: null
    targetId: null
-
    symbol: QORA
    source: null
    sourceId: null
    target: null
    targetId: null
-
    symbol: QTL
    source: null
    sourceId: null
    target: null
    targetId: null
-
    symbol: QTUM
    source: null
    sourceId: null
    target: null
    targetId: null
-
    symbol: RADS
    source: null
    sourceId: null
    target: null
    targetId: null
-
    symbol: RBY
    source: null
    sourceId: null
    target: null
    targetId: null
-
    symbol: RDD
    source: null
    sourceId: null
    target: null
    targetId: null
-
    symbol: REN
    source: null
    sourceId: null
    target: null
    targetId: null
-
    symbol: REP
    source: null
    sourceId: null
    target: null
    targetId: null
-
    symbol: RIC
    source: null
    sourceId: null
    target: null
    targetId: null
-
    symbol: RING
    source: null
    sourceId: null
    target: null
    targetId: null
-
    symbol: RSR
    source: null
    sourceId: null
    target: null
    targetId: null
-
    symbol: RZR
    source: null
    sourceId: null
    target: null
    targetId: null
-
    symbol: SAL
    source: null
    sourceId: null
    target: null
    targetId: null
-
    symbol: SBD
    source: null
    sourceId: null
    target: null
    targetId: null
-
    symbol: SBREE
    source: null
    sourceId: null
    target: null
    targetId: null
-
    symbol: SC
    source: null
    sourceId: null
    target: null
    targetId: null
-
    symbol: SDC
    source: null
    sourceId: null
    target: null
    targetId: null
-
    symbol: SHIBE
    source: null
    sourceId: null
    target: null
    targetId: null
-
    symbol: SHOPX
    source: null
    sourceId: null
    target: null
    targetId: null
-
    symbol: SILK
    source: null
    sourceId: null
    target: null
    targetId: null
-
    symbol: SJCX
    source: null
    sourceId: null
    target: null
    targetId: null
-
    symbol: SLR
    source: null
    sourceId: null
    target: null
    targetId: null
-
    symbol: SMC
    source: null
    sourceId: null
    target: null
    targetId: null
-
    symbol: SNT
    source: null
    sourceId: null
    target: null
    targetId: null
-
    symbol: SNX
    source: null
    sourceId: null
    target: null
    targetId: null
-
    symbol: SOC
    source: null
    sourceId: null
    target: null
    targetId: null
-
    symbol: SPA
    source: null
    sourceId: null
    target: null
    targetId: null
-
    symbol: SQL
    source: null
    sourceId: null
    target: null
    targetId: null
-
    symbol: SRCC
    source: null
    sourceId: null
    target: null
    targetId: null
-
    symbol: SRG
    source: null
    sourceId: null
    target: null
    targetId: null
-
    symbol: SSD
    source: null
    sourceId: null
    target: null
    targetId: null
-
    symbol: STAKE
    source: null
    sourceId: null
    target: null
    targetId: null
-
    symbol: STEEM
    source: null
    sourceId: null
    target: null
    targetId: null
-
    symbol: STORJ
    source: null
    sourceId: null
    target: null
    targetId: null
-
    symbol: STPT
    source: null
    sourceId: null
    target: null
    targetId: null
-
    symbol: STR
    source: null
    sourceId: null
    target: null
    targetId: null
-
    symbol: STRAT
    source: null
    sourceId: null
    target: null
    targetId: null
-
    symbol: SUM
    source: null
    sourceId: null
    target: null
    targetId: null
-
    symbol: SUN
    source: null
    sourceId: null
    target: null
    targetId: null
-
    symbol: SUSHI
    source: null
    sourceId: null
    target: null
    targetId: null
-
    symbol: SWAP
    source: null
    sourceId: null
    target: null
    targetId: null
-
    symbol: SWARM
    source: null
    sourceId: null
    target: null
    targetId: null
-
    symbol: SWFTC
    source: null
    sourceId: null
    target: null
    targetId: null
-
    symbol: SWINGBY
    source: null
    sourceId: null
    target: null
    targetId: null
-
    symbol: SWRV
    source: null
    sourceId: null
    target: null
    targetId: null
-
    symbol: SXC
    source: null
    sourceId: null
    target: null
    targetId: null
-
    symbol: SXP
    source: null
    sourceId: null
    target: null
    targetId: null
-
    symbol: SYNC
    source: null
    sourceId: null
    target: null
    targetId: null
-
    symbol: SYS
    source: null
    sourceId: null
    target: null
    targetId: null
-
    symbol: TAC
    source: null
    sourceId: null
    target: null
    targetId: null
-
    symbol: TAI
    source: null
    sourceId: null
    target: null
    targetId: null
-
    symbol: TEND
    source: null
    sourceId: null
    target: null
    targetId: null
-
    symbol: TOR
    source: null
    sourceId: null
    target: null
    targetId: null
-
    symbol: TRADE
    source: null
    sourceId: null
    target: null
    targetId: null
-
    symbol: TRB
    source: null
    sourceId: null
    target: null
    targetId: null
-
    symbol: TRUMPLOSE
    source: null
    sourceId: null
    target: null
    targetId: null
-
    symbol: TRUMPWIN
    source: null
    sourceId: null
    target: null
    targetId: null
-
    symbol: TRUST
    source: null
    sourceId: null
    target: null
    targetId: null
-
    symbol: TRX
    source: null
    sourceId: null
    target: null
    targetId: null
-
    symbol: TRXBEAR
    source: null
    sourceId: null
    target: null
    targetId: null
-
    symbol: TRXBULL
    source: null
    sourceId: null
    target: null
    targetId: null
-
    symbol: TWE
    source: null
    sourceId: null
    target: null
    targetId: null
-
    symbol: UIS
    source: null
    sourceId: null
    target: null
    targetId: null
-
    symbol: ULTC
    source: null
    sourceId: null
    target: null
    targetId: null
-
    symbol: UMA
    source: null
    sourceId: null
    target: null
    targetId: null
-
    symbol: UNI
    source: null
    sourceId: null
    target: null
    targetId: null
-
    symbol: UNITY
    source: null
    sourceId: null
    target: null
    targetId: null
-
    symbol: URO
    source: null
    sourceId: null
    target: null
    targetId: null
-
    symbol: USDC
    source: null
    sourceId: null
    target: null
    targetId: null
-
    symbol: USDE
    source: null
    sourceId: null
    target: null
    targetId: null
-
    symbol: USDJ
    source: null
    sourceId: null
    target: null
    targetId: null
-
    symbol: USDT
    source: null
    sourceId: null
    target: null
    targetId: null
-
    symbol: UTC
    source: null
    sourceId: null
    target: null
    targetId: null
-
    symbol: UTIL
    source: null
    sourceId: null
    target: null
    targetId: null
-
    symbol: UVC
    source: null
    sourceId: null
    target: null
    targetId: null
-
    symbol: VIA
    source: null
    sourceId: null
    target: null
    targetId: null
-
    symbol: VOOT
    source: null
    sourceId: null
    target: null
    targetId: null
-
    symbol: VOX
    source: null
    sourceId: null
    target: null
    targetId: null
-
    symbol: VRC
    source: null
    sourceId: null
    target: null
    targetId: null
-
    symbol: VTC
    source: null
    sourceId: null
    target: null
    targetId: null
-
    symbol: WC
    source: null
    sourceId: null
    target: null
    targetId: null
-
    symbol: WDC
    source: null
    sourceId: null
    target: null
    targetId: null
-
    symbol: WIKI
    source: null
    sourceId: null
    target: null
    targetId: null
-
    symbol: WIN
    source: null
    sourceId: null
    target: null
    targetId: null
-
    symbol: WNXM
    source: null
    sourceId: null
    target: null
    targetId: null
-
    symbol: WOLF
    source: null
    sourceId: null
    target: null
    targetId: null
-
    symbol: WRX
    source: null
    sourceId: null
    target: null
    targetId: null
-
    symbol: X13
    source: null
    sourceId: null
    target: null
    targetId: null
-
    symbol: XAI
    source: null
    sourceId: null
    target: null
    targetId: null
-
    symbol: XAP
    source: null
    sourceId: null
    target: null
    targetId: null
-
    symbol: XBC
    source: null
    sourceId: null
    target: null
    targetId: null
-
    symbol: XC
    source: null
    sourceId: null
    target: null
    targetId: null
-
    symbol: XCH
    source: null
    sourceId: null
    target: null
    targetId: null
-
    symbol: XCN
    source: null
    sourceId: null
    target: null
    targetId: null
-
    symbol: XCP
    source: null
    sourceId: null
    target: null
    targetId: null
-
    symbol: XCR
    source: null
    sourceId: null
    target: null
    targetId: null
-
    symbol: XDN
    source: null
    sourceId: null
    target: null
    targetId: null
-
    symbol: XDOT
    source: null
    sourceId: null
    target: null
    targetId: null
-
    symbol: XDP
    source: null
    sourceId: null
    target: null
    targetId: null
-
    symbol: XEM
    source: null
    sourceId: null
    target: null
    targetId: null
-
    symbol: XFIL
    source: null
    sourceId: null
    target: null
    targetId: null
-
    symbol: XHC
    source: null
    sourceId: null
    target: null
    targetId: null
-
    symbol: XLB
    source: null
    sourceId: null
    target: null
    targetId: null
-
    symbol: XMG
    source: null
    sourceId: null
    target: null
    targetId: null
-
    symbol: XMR
    source: null
    sourceId: null
    target: null
    targetId: null
-
    symbol: XPB
    source: null
    sourceId: null
    target: null
    targetId: null
-
    symbol: XPM
    source: null
    sourceId: null
    target: null
    targetId: null
-
    symbol: XRP
    source: null
    sourceId: null
    target: null
    targetId: null
-
    symbol: XRPBEAR
    source: null
    sourceId: null
    target: null
    targetId: null
-
    symbol: XRPBULL
    source: null
    sourceId: null
    target: null
    targetId: null
-
    symbol: XSI
    source: null
    sourceId: null
    target: null
    targetId: null
-
    symbol: XST
    source: null
    sourceId: null
    target: null
    targetId: null
-
    symbol: XSV
    source: null
    sourceId: null
    target: null
    targetId: null
-
    symbol: XTZ
    source: null
    sourceId: null
    target: null
    targetId: null
-
    symbol: XUSD
    source: null
    sourceId: null
    target: null
    targetId: null
-
    symbol: XVC
    source: null
    sourceId: null
    target: null
    targetId: null
-
    symbol: XXC
    source: null
    sourceId: null
    target: null
    targetId: null
-
    symbol: YACC
    source: null
    sourceId: null
    target: null
    targetId: null
-
    symbol: YANG
    source: null
    sourceId: null
    target: null
    targetId: null
-
    symbol: YC
    source: null
    sourceId: null
    target: null
    targetId: null
-
    symbol: YFI
    source: null
    sourceId: null
    target: null
    targetId: null
-
    symbol: YFII
    source: null
    sourceId: null
    target: null
    targetId: null
-
    symbol: YFL
    source: null
    sourceId: null
    target: null
    targetId: null
-
    symbol: YFV
    source: null
    sourceId: null
    target: null
    targetId: null
-
    symbol: YIN
    source: null
    sourceId: null
    target: null
    targetId: null
-
    symbol: ZAP
    source: null
    sourceId: null
    target: null
    targetId: null
-
    symbol: ZEC
    source: null
    sourceId: null
    target: null
    targetId: null
-
    symbol: ZRX
    source: null
    sourceId: null
    target: null
    targetId: null
